Archive member included because of file (symbol)

/opt/altera/altera12.1/nios2eds/bin/gnu/H-i686-pc-linux-gnu/bin/../lib/gcc/nios2-elf/4.1.2/../../../../nios2-elf/lib/mno-hw-mul/libc.a(lib_a-printf.o)
                              obj/default/PS2.o (printf)
/opt/altera/altera12.1/nios2eds/bin/gnu/H-i686-pc-linux-gnu/bin/../lib/gcc/nios2-elf/4.1.2/../../../../nios2-elf/lib/mno-hw-mul/libc.a(lib_a-puts.o)
                              obj/default/hello_world.o (puts)
/opt/altera/altera12.1/nios2eds/bin/gnu/H-i686-pc-linux-gnu/bin/../lib/gcc/nios2-elf/4.1.2/../../../../nios2-elf/lib/mno-hw-mul/libc.a(lib_a-strlen.o)
                              /opt/altera/altera12.1/nios2eds/bin/gnu/H-i686-pc-linux-gnu/bin/../lib/gcc/nios2-elf/4.1.2/../../../../nios2-elf/lib/mno-hw-mul/libc.a(lib_a-puts.o) (strlen)
/opt/altera/altera12.1/nios2eds/bin/gnu/H-i686-pc-linux-gnu/bin/../lib/gcc/nios2-elf/4.1.2/../../../../nios2-elf/lib/mno-hw-mul/libc.a(lib_a-vfprintf.o)
                              /opt/altera/altera12.1/nios2eds/bin/gnu/H-i686-pc-linux-gnu/bin/../lib/gcc/nios2-elf/4.1.2/../../../../nios2-elf/lib/mno-hw-mul/libc.a(lib_a-printf.o) (___vfprintf_internal_r)
/opt/altera/altera12.1/nios2eds/bin/gnu/H-i686-pc-linux-gnu/bin/../lib/gcc/nios2-elf/4.1.2/../../../../nios2-elf/lib/mno-hw-mul/libc.a(lib_a-wsetup.o)
                              /opt/altera/altera12.1/nios2eds/bin/gnu/H-i686-pc-linux-gnu/bin/../lib/gcc/nios2-elf/4.1.2/../../../../nios2-elf/lib/mno-hw-mul/libc.a(lib_a-vfprintf.o) (__swsetup_r)
/opt/altera/altera12.1/nios2eds/bin/gnu/H-i686-pc-linux-gnu/bin/../lib/gcc/nios2-elf/4.1.2/../../../../nios2-elf/lib/mno-hw-mul/libc.a(lib_a-dtoa.o)
                              /opt/altera/altera12.1/nios2eds/bin/gnu/H-i686-pc-linux-gnu/bin/../lib/gcc/nios2-elf/4.1.2/../../../../nios2-elf/lib/mno-hw-mul/libc.a(lib_a-vfprintf.o) (_dtoa_r)
/opt/altera/altera12.1/nios2eds/bin/gnu/H-i686-pc-linux-gnu/bin/../lib/gcc/nios2-elf/4.1.2/../../../../nios2-elf/lib/mno-hw-mul/libc.a(lib_a-fflush.o)
                              /opt/altera/altera12.1/nios2eds/bin/gnu/H-i686-pc-linux-gnu/bin/../lib/gcc/nios2-elf/4.1.2/../../../../nios2-elf/lib/mno-hw-mul/libc.a(lib_a-vfprintf.o) (_fflush_r)
/opt/altera/altera12.1/nios2eds/bin/gnu/H-i686-pc-linux-gnu/bin/../lib/gcc/nios2-elf/4.1.2/../../../../nios2-elf/lib/mno-hw-mul/libc.a(lib_a-findfp.o)
                              /opt/altera/altera12.1/nios2eds/bin/gnu/H-i686-pc-linux-gnu/bin/../lib/gcc/nios2-elf/4.1.2/../../../../nios2-elf/lib/mno-hw-mul/libc.a(lib_a-vfprintf.o) (__sinit)
/opt/altera/altera12.1/nios2eds/bin/gnu/H-i686-pc-linux-gnu/bin/../lib/gcc/nios2-elf/4.1.2/../../../../nios2-elf/lib/mno-hw-mul/libc.a(lib_a-freer.o)
                              /opt/altera/altera12.1/nios2eds/bin/gnu/H-i686-pc-linux-gnu/bin/../lib/gcc/nios2-elf/4.1.2/../../../../nios2-elf/lib/mno-hw-mul/libc.a(lib_a-wsetup.o) (_free_r)
/opt/altera/altera12.1/nios2eds/bin/gnu/H-i686-pc-linux-gnu/bin/../lib/gcc/nios2-elf/4.1.2/../../../../nios2-elf/lib/mno-hw-mul/libc.a(lib_a-fvwrite.o)
                              /opt/altera/altera12.1/nios2eds/bin/gnu/H-i686-pc-linux-gnu/bin/../lib/gcc/nios2-elf/4.1.2/../../../../nios2-elf/lib/mno-hw-mul/libc.a(lib_a-puts.o) (__sfvwrite_r)
/opt/altera/altera12.1/nios2eds/bin/gnu/H-i686-pc-linux-gnu/bin/../lib/gcc/nios2-elf/4.1.2/../../../../nios2-elf/lib/mno-hw-mul/libc.a(lib_a-fwalk.o)
                              /opt/altera/altera12.1/nios2eds/bin/gnu/H-i686-pc-linux-gnu/bin/../lib/gcc/nios2-elf/4.1.2/../../../../nios2-elf/lib/mno-hw-mul/libc.a(lib_a-fflush.o) (_fwalk_reent)
/opt/altera/altera12.1/nios2eds/bin/gnu/H-i686-pc-linux-gnu/bin/../lib/gcc/nios2-elf/4.1.2/../../../../nios2-elf/lib/mno-hw-mul/libc.a(lib_a-impure.o)
                              /opt/altera/altera12.1/nios2eds/bin/gnu/H-i686-pc-linux-gnu/bin/../lib/gcc/nios2-elf/4.1.2/../../../../nios2-elf/lib/mno-hw-mul/libc.a(lib_a-printf.o) (_impure_ptr)
/opt/altera/altera12.1/nios2eds/bin/gnu/H-i686-pc-linux-gnu/bin/../lib/gcc/nios2-elf/4.1.2/../../../../nios2-elf/lib/mno-hw-mul/libc.a(lib_a-locale.o)
                              /opt/altera/altera12.1/nios2eds/bin/gnu/H-i686-pc-linux-gnu/bin/../lib/gcc/nios2-elf/4.1.2/../../../../nios2-elf/lib/mno-hw-mul/libc.a(lib_a-vfprintf.o) (_localeconv_r)
/opt/altera/altera12.1/nios2eds/bin/gnu/H-i686-pc-linux-gnu/bin/../lib/gcc/nios2-elf/4.1.2/../../../../nios2-elf/lib/mno-hw-mul/libc.a(lib_a-makebuf.o)
                              /opt/altera/altera12.1/nios2eds/bin/gnu/H-i686-pc-linux-gnu/bin/../lib/gcc/nios2-elf/4.1.2/../../../../nios2-elf/lib/mno-hw-mul/libc.a(lib_a-wsetup.o) (__smakebuf_r)
/opt/altera/altera12.1/nios2eds/bin/gnu/H-i686-pc-linux-gnu/bin/../lib/gcc/nios2-elf/4.1.2/../../../../nios2-elf/lib/mno-hw-mul/libc.a(lib_a-mallocr.o)
                              /opt/altera/altera12.1/nios2eds/bin/gnu/H-i686-pc-linux-gnu/bin/../lib/gcc/nios2-elf/4.1.2/../../../../nios2-elf/lib/mno-hw-mul/libc.a(lib_a-findfp.o) (_malloc_r)
[...]
Memory Configuration

Name             Origin             Length             Attributes
reset            0x00080000         0x00000020
sram             0x00080020         0x0007ffe0
*default*        0x00000000         0xffffffff

Linker script and memory map

LOAD ../snake_software_bsp//obj/HAL/src/crt0.o
LOAD obj/default/PS2.o
LOAD obj/default/hello_world.o
LOAD /opt/altera/altera12.1/nios2eds/bin/gnu/H-i686-pc-linux-gnu/bin/../lib/gcc/nios2-elf/4.1.2/../../../../nios2-elf/lib/mno-hw-mul/libstdc++.a
LOAD /opt/altera/altera12.1/nios2eds/bin/gnu/H-i686-pc-linux-gnu/bin/../lib/gcc/nios2-elf/4.1.2/../../../../nios2-elf/lib/mno-hw-mul/libm.a
LOAD /opt/altera/altera12.1/nios2eds/bin/gnu/H-i686-pc-linux-gnu/bin/../lib/gcc/nios2-elf/4.1.2/mno-hw-mul/libgcc.a
START GROUP
LOAD /opt/altera/altera12.1/nios2eds/bin/gnu/H-i686-pc-linux-gnu/bin/../lib/gcc/nios2-elf/4.1.2/../../../../nios2-elf/lib/mno-hw-mul/libc.a
LOAD /opt/altera/altera12.1/nios2eds/bin/gnu/H-i686-pc-linux-gnu/bin/../lib/gcc/nios2-elf/4.1.2/mno-hw-mul/libgcc.a
LOAD ../snake_software_bsp//libhal_bsp.a
END GROUP
LOAD /opt/altera/altera12.1/nios2eds/bin/gnu/H-i686-pc-linux-gnu/bin/../lib/gcc/nios2-elf/4.1.2/mno-hw-mul/libgcc.a
                0x00080000                __alt_mem_sram = 0x80000

.entry          0x00080000       0x20
 *(.entry)
 .entry         0x00080000       0x20 ../snake_software_bsp//obj/HAL/src/crt0.o
                0x00080000                __reset

.exceptions     0x00080020      0x194
                0x00080020                PROVIDE (__ram_exceptions_start, ABSOLUTE (.))
                0x00080020                . = ALIGN (0x20)
 *(.irq)
 *(.exceptions.entry.label)
 .exceptions.entry.label
                0x00080020        0x0 ../snake_software_bsp//libhal_bsp.a(alt_irq_entry.o)
                0x00080020                alt_irq_entry
 .exceptions.entry.label
                0x00080020        0x0 ../snake_software_bsp//libhal_bsp.a(alt_exception_entry.o)
                0x00080020                alt_exception
 *(.exceptions.entry.user)
 *(.exceptions.entry)
 .exceptions.entry
                0x00080020       0x54 ../snake_software_bsp//libhal_bsp.a(alt_exception_entry.o)
 *(.exceptions.irqtest.user)
 *(.exceptions.irqtest)
 .exceptions.irqtest
                0x00080074       0x10 ../snake_software_bsp//libhal_bsp.a(alt_irq_entry.o)
 *(.exceptions.irqhandler.user)
 *(.exceptions.irqhandler)
 .exceptions.irqhandler
                0x00080084        0x4 ../snake_software_bsp//libhal_bsp.a(alt_irq_entry.o)
 *(.exceptions.irqreturn.user)
 *(.exceptions.irqreturn)
 .exceptions.irqreturn
                0x00080088        0x4 ../snake_software_bsp//libhal_bsp.a(alt_irq_entry.o)
 *(.exceptions.notirq.label)
 .exceptions.notirq.label
                0x0008008c        0x0 ../snake_software_bsp//libhal_bsp.a(alt_irq_entry.o)
 *(.exceptions.notirq.user)
 *(.exceptions.notirq)
 .exceptions.notirq
                0x0008008c        0x8 ../snake_software_bsp//libhal_bsp.a(alt_exception_entry.o)
 *(.exceptions.soft.user)
 *(.exceptions.soft)
 *(.exceptions.unknown.user)
 *(.exceptions.unknown)
 .exceptions.unknown
                0x00080094        0x4 ../snake_software_bsp//libhal_bsp.a(alt_exception_entry.o)
 *(.exceptions.exit.label)
 .exceptions.exit.label
                0x00080098        0x0 ../snake_software_bsp//libhal_bsp.a(alt_irq_entry.o)
 .exceptions.exit.label
                0x00080098        0x0 ../snake_software_bsp//libhal_bsp.a(alt_exception_entry.o)
 *(.exceptions.exit.user)
 *(.exceptions.exit)
 .exceptions.exit
                0x00080098       0x54 ../snake_software_bsp//libhal_bsp.a(alt_exception_entry.o)
 *(.exceptions)
 .exceptions    0x000800ec       0xc8 ../snake_software_bsp//libhal_bsp.a(alt_irq_handler.o)
                0x000800ec                alt_irq_handler
                0x000801b4                PROVIDE (__ram_exceptions_end, ABSOLUTE (.))
                0x00080020                PROVIDE (__flash_exceptions_start, LOADADDR (.exceptions))

.text           0x000801b4     0xc444
                0x000801b4                PROVIDE (stext, ABSOLUTE (.))
 *(.interp)
 *(.hash)
 *(.dynsym)
 *(.dynstr)
 *(.gnu.version)
 *(.gnu.version_d)
 *(.gnu.version_r)
 *(.rel.init)
 *(.rela.init)
 *(.rel.text .rel.text.* .rel.gnu.linkonce.t.*)
 *(.rela.text .rela.text.* .rela.gnu.linkonce.t.*)
 *(.rel.fini)
 *(.rela.fini)
 *(.rel.rodata .rel.rodata.* .rel.gnu.linkonce.r.*)
 *(.rela.rodata .rela.rodata.* .rela.gnu.linkonce.r.*)
 *(.rel.data .rel.data.* .rel.gnu.linkonce.d.*)
 *(.rela.data .rela.data.* .rela.gnu.linkonce.d.*)
 *(.rel.tdata .rel.tdata.* .rel.gnu.linkonce.td.*)
 *(.rela.tdata .rela.tdata.* .rela.gnu.linkonce.td.*)
 *(.rel.tbss .rel.tbss.* .rel.gnu.linkonce.tb.*)
 *(.rela.tbss .rela.tbss.* .rela.gnu.linkonce.tb.*)
 *(.rel.ctors)
 *(.rela.ctors)
 *(.rel.dtors)
 *(.rela.dtors)
 *(.rel.got)
 *(.rela.got)
 *(.rel.sdata .rel.sdata.* .rel.gnu.linkonce.s.*)
 *(.rela.sdata .rela.sdata.* .rela.gnu.linkonce.s.*)
 *(.rel.sbss .rel.sbss.* .rel.gnu.linkonce.sb.*)
 *(.rela.sbss .rela.sbss.* .rela.gnu.linkonce.sb.*)
 *(.rel.sdata2 .rel.sdata2.* .rel.gnu.linkonce.s2.*)
 *(.rela.sdata2 .rela.sdata2.* .rela.gnu.linkonce.s2.*)
 *(.rel.sbss2 .rel.sbss2.* .rel.gnu.linkonce.sb2.*)
 *(.rela.sbss2 .rela.sbss2.* .rela.gnu.linkonce.sb2.*)
 *(.rel.bss .rel.bss.* .rel.gnu.linkonce.b.*)
 *(.rela.bss .rela.bss.* .rela.gnu.linkonce.b.*)
 *(.rel.plt)
 *(.rela.plt)
 *(.rel.dyn)
 *(.init)
 *(.plt)
 *(.text .stub .text.* .gnu.linkonce.t.*)
 .text          0x000801b4       0x3c ../snake_software_bsp//obj/HAL/src/crt0.o
                0x000801b4                _start
 .text          0x000801f0       0x50 obj/default/PS2.o
                0x000801f0                getInput
 .text          0x00080240       0x24 obj/default/hello_world.o
                0x00080240                main
 .text          0x00080264       0x78 /opt/altera/altera12.1/nios2eds/bin/gnu/H-i686-pc-linux-gnu/bin/../lib/gcc/nios2-elf/4.1.2/../../../../nios2-elf/lib/mno-hw-mul/libc.a(lib_a-printf.o)
                0x00080264                printf
                0x000802a8                _printf_r
 .text          0x000802dc       0xb4 /opt/altera/altera12.1/nios2eds/bin/gnu/H-i686-pc-linux-gnu/bin/../lib/gcc/nios2-elf/4.1.2/../../../../nios2-elf/lib/mno-hw-mul/libc.a(lib_a-puts.o)
                0x000802dc                _puts_r
                0x0008037c                puts
 .text          0x00080390       0x74 /opt/altera/altera12.1/nios2eds/bin/gnu/H-i686-pc-linux-gnu/bin/../lib/gcc/nios2-elf/4.1.2/../../../../nios2-elf/lib/mno-hw-mul/libc.a(lib_a-strlen.o)
                0x00080390                strlen
 .text          0x00080404     0x1f40 /opt/altera/altera12.1/nios2eds/bin/gnu/H-i686-pc-linux-gnu/bin/../lib/gcc/nios2-elf/4.1.2/../../../../nios2-elf/lib/mno-hw-mul/libc.a(lib_a-vfprintf.o)
                0x0008045c                ___vfprintf_internal_r
                0x00082320                __vfprintf_internal
 .text          0x00082344      0x13c /opt/altera/altera12.1/nios2eds/bin/gnu/H-i686-pc-linux-gnu/bin/../lib/gcc/nios2-elf/4.1.2/../../../../nios2-elf/lib/mno-hw-mul/libc.a(lib_a-wsetup.o)
                0x00082344                __swsetup_r
 .text          0x00082480     0x17f8 /opt/altera/altera12.1/nios2eds/bin/gnu/H-i686-pc-linux-gnu/bin/../lib/gcc/nios2-elf/4.1.2/../../../../nios2-elf/lib/mno-hw-mul/libc.a(lib_a-dtoa.o)
                0x000826c4                _dtoa_r
 .text          0x00083c78      0x230 /opt/altera/altera12.1/nios2eds/bin/gnu/H-i686-pc-linux-gnu/bin/../lib/gcc/nios2-elf/4.1.2/../../../../nios2-elf/lib/mno-hw-mul/libc.a(lib_a-fflush.o)
                0x00083c78                _fflush_r
                0x00083e74                fflush
 .text          0x00083ea8      0x2f4 /opt/altera/altera12.1/nios2eds/bin/gnu/H-i686-pc-linux-gnu/bin/../lib/gcc/nios2-elf/4.1.2/../../../../nios2-elf/lib/mno-hw-mul/libc.a(lib_a-findfp.o)
                0x00083f00                __sfp_lock_acquire
                0x00083f04                __sfp_lock_release
                0x00083f08                __sinit_lock_acquire
                0x00083f0c                __sinit_lock_release
                0x00083f10                __sinit
                0x00083fc4                __fp_unlock_all
                0x00083fdc                __fp_lock_all
                0x00083ff4                _cleanup_r
                0x00084000                _cleanup
                0x00084010                __sfmoreglue
                0x000840ac                __sfp
 .text          0x0008419c      0x440 /opt/altera/altera12.1/nios2eds/bin/gnu/H-i686-pc-linux-gnu/bin/../lib/gcc/nios2-elf/4.1.2/../../../../nios2-elf/lib/mno-hw-mul/libc.a(lib_a-freer.o)
                0x0008419c                _malloc_trim_r
                0x000842c8                _free_r
 .text          0x000845dc      0x49c /opt/altera/altera12.1/nios2eds/bin/gnu/H-i686-pc-linux-gnu/bin/../lib/gcc/nios2-elf/4.1.2/../../../../nios2-elf/lib/mno-hw-mul/libc.a(lib_a-fvwrite.o)
                0x000845dc                __sfvwrite_r
 .text          0x00084a78      0x180 /opt/altera/altera12.1/nios2eds/bin/gnu/H-i686-pc-linux-gnu/bin/../lib/gcc/nios2-elf/4.1.2/../../../../nios2-elf/lib/mno-hw-mul/libc.a(lib_a-fwalk.o)
                0x00084a78                _fwalk_reent
                0x00084b40                _fwalk
 .text          0x00084bf8        0x0 /opt/altera/altera12.1/nios2eds/bin/gnu/H-i686-pc-linux-gnu/bin/../lib/gcc/nios2-elf/4.1.2/../../../../nios2-elf/lib/mno-hw-mul/libc.a(lib_a-impure.o)
 .text          0x00084bf8       0xc4 /opt/altera/altera12.1/nios2eds/bin/gnu/H-i686-pc-linux-gnu/bin/../lib/gcc/nios2-elf/4.1.2/../../../../nios2-elf/lib/mno-hw-mul/libc.a(lib_a-locale.o)
                0x00084bf8                __locale_charset
                0x00084c00                _localeconv_r
                0x00084c0c                localeconv
                0x00084c1c                _setlocale_r
                0x00084ca0                setlocale
 .text          0x00084cbc      0x194 /opt/altera/altera12.1/nios2eds/bin/gnu/H-i686-pc-linux-gnu/bin/../lib/gcc/nios2-elf/4.1.2/../../../../nios2-elf/lib/mno-hw-mul/libc.a(lib_a-makebuf.o)
                0x00084cbc                __smakebuf_r
 .text          0x00084e50      0x740 /opt/altera/altera12.1/nios2eds/bin/gnu/H-i686-pc-linux-gnu/bin/../lib/gcc/nios2-elf/4.1.2/../../../../nios2-elf/lib/mno-hw-mul/libc.a(lib_a-mallocr.o)
                0x00084e50                _malloc_r
 .text          0x00085590       0xe4 /opt/altera/altera12.1/nios2eds/bin/gnu/H-i686-pc-linux-gnu/bin/../lib/gcc/nios2-elf/4.1.2/../../../../nios2-elf/lib/mno-hw-mul/libc.a(lib_a-memchr.o)
                0x00085590                memchr
 .text          0x00085674       0xa0 /opt/altera/altera12.1/nios2eds/bin/gnu/H-i686-pc-linux-gnu/bin/../lib/gcc/nios2-elf/4.1.2/../../../../nios2-elf/lib/mno-hw-mul/libc.a(lib_a-memcpy.o)
                0x00085674                memcpy
 .text          0x00085714       0xe0 /opt/altera/altera12.1/nios2eds/bin/gnu/H-i686-pc-linux-gnu/bin/../lib/gcc/nios2-elf/4.1.2/../../../../nios2-elf/lib/mno-hw-mul/libc.a(lib_a-memmove.o)
                0x00085714                memmove
 .text          0x000857f4       0x98 /opt/altera/altera12.1/nios2eds/bin/gnu/H-i686-pc-linux-gnu/bin/../lib/gcc/nios2-elf/4.1.2/../../../../nios2-elf/lib/mno-hw-mul/libc.a(lib_a-memset.o)
                0x000857f4                memset
 .text          0x0008588c     0x108c /opt/altera/altera12.1/nios2eds/bin/gnu/H-i686-pc-linux-gnu/bin/../lib/gcc/nios2-elf/4.1.2/../../../../nios2-elf/lib/mno-hw-mul/libc.a(lib_a-mprec.o)
                0x0008588c                _Bfree
                0x000858b4                __hi0bits
                0x00085924                __lo0bits
                0x000859e8                __mcmp
                0x00085a48                __ulp
                0x00085ac8                __b2d
                0x00085be8                __ratio
                0x00085c98                _mprec_log10
                0x00085d2c                __copybits
                0x00085d84                __any_on
                0x00085e0c                _Balloc
                0x00085ec8                __d2b
                0x00086044                __mdiff
                0x000861d0                __lshift
                0x0008631c                __multiply
                0x00086570                __i2b
                0x000865ac                __multadd
                0x000866d8                __pow5mult
                0x000867f8                __s2b
 .text          0x00086918      0x5f4 /opt/altera/altera12.1/nios2eds/bin/gnu/H-i686-pc-linux-gnu/bin/../lib/gcc/nios2-elf/4.1.2/../../../../nios2-elf/lib/mno-hw-mul/libc.a(lib_a-reallocr.o)
                0x00086918                _realloc_r
 .text          0x00086f0c       0x40 /opt/altera/altera12.1/nios2eds/bin/gnu/H-i686-pc-linux-gnu/bin/../lib/gcc/nios2-elf/4.1.2/../../../../nios2-elf/lib/mno-hw-mul/libc.a(lib_a-s_isinfd.o)
                0x00086f0c                __isinfd
 .text          0x00086f4c       0x30 /opt/altera/altera12.1/nios2eds/bin/gnu/H-i686-pc-linux-gnu/bin/../lib/gcc/nios2-elf/4.1.2/../../../../nios2-elf/lib/mno-hw-mul/libc.a(lib_a-s_isnand.o)
                0x00086f4c                __isnand
 .text          0x00086f7c       0x70 /opt/altera/altera12.1/nios2eds/bin/gnu/H-i686-pc-linux-gnu/bin/../lib/gcc/nios2-elf/4.1.2/../../../../nios2-elf/lib/mno-hw-mul/libc.a(lib_a-sbrkr.o)
                0x00086f7c                _sbrk_r
 .text          0x00086fec      0x14c /opt/altera/altera12.1/nios2eds/bin/gnu/H-i686-pc-linux-gnu/bin/../lib/gcc/nios2-elf/4.1.2/../../../../nios2-elf/lib/mno-hw-mul/libc.a(lib_a-stdio.o)
                0x00086fec                __sclose
                0x00086ff4                __sseek
                0x0008705c                __swrite
                0x000870d8                __sread
 .text          0x00087138       0xbc /opt/altera/altera12.1/nios2eds/bin/gnu/H-i686-pc-linux-gnu/bin/../lib/gcc/nios2-elf/4.1.2/../../../../nios2-elf/lib/mno-hw-mul/libc.a(lib_a-strcmp.o)
                0x00087138                strcmp
 .text          0x000871f4       0x78 /opt/altera/altera12.1/nios2eds/bin/gnu/H-i686-pc-linux-gnu/bin/../lib/gcc/nios2-elf/4.1.2/../../../../nios2-elf/lib/mno-hw-mul/libc.a(lib_a-writer.o)
                0x000871f4                _write_r
 .text          0x0008726c       0xc8 /opt/altera/altera12.1/nios2eds/bin/gnu/H-i686-pc-linux-gnu/bin/../lib/gcc/nios2-elf/4.1.2/../../../../nios2-elf/lib/mno-hw-mul/libc.a(lib_a-callocr.o)
                0x0008726c                _calloc_r
 .text          0x00087334       0x70 /opt/altera/altera12.1/nios2eds/bin/gnu/H-i686-pc-linux-gnu/bin/../lib/gcc/nios2-elf/4.1.2/../../../../nios2-elf/lib/mno-hw-mul/libc.a(lib_a-closer.o)
                0x00087334                _close_r
 .text          0x000873a4      0x124 /opt/altera/altera12.1/nios2eds/bin/gnu/H-i686-pc-linux-gnu/bin/../lib/gcc/nios2-elf/4.1.2/../../../../nios2-elf/lib/mno-hw-mul/libc.a(lib_a-fclose.o)
                0x000873a4                _fclose_r
                0x000874b4                fclose
 .text          0x000874c8       0x74 /opt/altera/altera12.1/nios2eds/bin/gnu/H-i686-pc-linux-gnu/bin/../lib/gcc/nios2-elf/4.1.2/../../../../nios2-elf/lib/mno-hw-mul/libc.a(lib_a-fstatr.o)
                0x000874c8                _fstat_r
 .text          0x0008753c        0x0 /opt/altera/altera12.1/nios2eds/bin/gnu/H-i686-pc-linux-gnu/bin/../lib/gcc/nios2-elf/4.1.2/../../../../nios2-elf/lib/mno-hw-mul/libc.a(lib_a-int_errno.o)
 .text          0x0008753c       0x70 /opt/altera/altera12.1/nios2eds/bin/gnu/H-i686-pc-linux-gnu/bin/../lib/gcc/nios2-elf/4.1.2/../../../../nios2-elf/lib/mno-hw-mul/libc.a(lib_a-isattyr.o)
                0x0008753c                _isatty_r
 .text          0x000875ac       0x78 /opt/altera/altera12.1/nios2eds/bin/gnu/H-i686-pc-linux-gnu/bin/../lib/gcc/nios2-elf/4.1.2/../../../../nios2-elf/lib/mno-hw-mul/libc.a(lib_a-lseekr.o)
                0x000875ac                _lseek_r
 .text          0x00087624       0x78 /opt/altera/altera12.1/nios2eds/bin/gnu/H-i686-pc-linux-gnu/bin/../lib/gcc/nios2-elf/4.1.2/../../../../nios2-elf/lib/mno-hw-mul/libc.a(lib_a-readr.o)
                0x00087624                _read_r
 .text          0x0008769c      0x66c /opt/altera/altera12.1/nios2eds/bin/gnu/H-i686-pc-linux-gnu/bin/../lib/gcc/nios2-elf/4.1.2/mno-hw-mul/libgcc.a(_udivdi3.o)
                0x0008769c                __udivdi3
 .text          0x00087d08      0x660 /opt/altera/altera12.1/nios2eds/bin/gnu/H-i686-pc-linux-gnu/bin/../lib/gcc/nios2-elf/4.1.2/mno-hw-mul/libgcc.a(_umoddi3.o)
                0x00087d08                __umoddi3
 .text          0x00088368      0x504 /opt/altera/altera12.1/nios2eds/bin/gnu/H-i686-pc-linux-gnu/bin/../lib/gcc/nios2-elf/4.1.2/mno-hw-mul/libgcc.a(_addsub_df.o)
                0x00088778                __subdf3
                0x000887f8                __adddf3
 .text          0x0008886c      0x3c4 /opt/altera/altera12.1/nios2eds/bin/gnu/H-i686-pc-linux-gnu/bin/../lib/gcc/nios2-elf/4.1.2/mno-hw-mul/libgcc.a(_mul_df.o)
                0x0008886c                __muldf3
 .text          0x00088c30      0x258 /opt/altera/altera12.1/nios2eds/bin/gnu/H-i686-pc-linux-gnu/bin/../lib/gcc/nios2-elf/4.1.2/mno-hw-mul/libgcc.a(_div_df.o)
                0x00088c30                __divdf3
 .text          0x00088e88       0x88 /opt/altera/altera12.1/nios2eds/bin/gnu/H-i686-pc-linux-gnu/bin/../lib/gcc/nios2-elf/4.1.2/mno-hw-mul/libgcc.a(_eq_df.o)
                0x00088e88                __eqdf2
 .text          0x00088f10       0x88 /opt/altera/altera12.1/nios2eds/bin/gnu/H-i686-pc-linux-gnu/bin/../lib/gcc/nios2-elf/4.1.2/mno-hw-mul/libgcc.a(_ne_df.o)
                0x00088f10                __nedf2
 .text          0x00088f98       0x88 /opt/altera/altera12.1/nios2eds/bin/gnu/H-i686-pc-linux-gnu/bin/../lib/gcc/nios2-elf/4.1.2/mno-hw-mul/libgcc.a(_gt_df.o)
                0x00088f98                __gtdf2
 .text          0x00089020       0x88 /opt/altera/altera12.1/nios2eds/bin/gnu/H-i686-pc-linux-gnu/bin/../lib/gcc/nios2-elf/4.1.2/mno-hw-mul/libgcc.a(_ge_df.o)
                0x00089020                __gedf2
 .text          0x000890a8       0x88 /opt/altera/altera12.1/nios2eds/bin/gnu/H-i686-pc-linux-gnu/bin/../lib/gcc/nios2-elf/4.1.2/mno-hw-mul/libgcc.a(_lt_df.o)
                0x000890a8                __ltdf2
 .text          0x00089130       0xf8 /opt/altera/altera12.1/nios2eds/bin/gnu/H-i686-pc-linux-gnu/bin/../lib/gcc/nios2-elf/4.1.2/mno-hw-mul/libgcc.a(_si_to_df.o)
                0x00089130                __floatsidf
 .text          0x00089228       0xd8 /opt/altera/altera12.1/nios2eds/bin/gnu/H-i686-pc-linux-gnu/bin/../lib/gcc/nios2-elf/4.1.2/mno-hw-mul/libgcc.a(_df_to_si.o)
                0x00089228                __fixdfsi
 .text          0x00089300        0x0 /opt/altera/altera12.1/nios2eds/bin/gnu/H-i686-pc-linux-gnu/bin/../lib/gcc/nios2-elf/4.1.2/mno-hw-mul/libgcc.a(_thenan_df.o)
 .text          0x00089300      0x194 /opt/altera/altera12.1/nios2eds/bin/gnu/H-i686-pc-linux-gnu/bin/../lib/gcc/nios2-elf/4.1.2/mno-hw-mul/libgcc.a(_usi_to_df.o)
                0x00089300                __floatunsidf
 .text          0x00089494      0x14c /opt/altera/altera12.1/nios2eds/bin/gnu/H-i686-pc-linux-gnu/bin/../lib/gcc/nios2-elf/4.1.2/mno-hw-mul/libgcc.a(lib2-divmod.o)
                0x00089510                __divsi3
                0x00089570                __modsi3
                0x000895d0                __udivsi3
                0x000895d8                __umodsi3
 .text          0x000895e0       0x38 /opt/altera/altera12.1/nios2eds/bin/gnu/H-i686-pc-linux-gnu/bin/../lib/gcc/nios2-elf/4.1.2/mno-hw-mul/libgcc.a(lib2-mul.o)
                0x000895e0                __mulsi3
 .text          0x00089618      0x124 /opt/altera/altera12.1/nios2eds/bin/gnu/H-i686-pc-linux-gnu/bin/../lib/gcc/nios2-elf/4.1.2/mno-hw-mul/libgcc.a(_muldi3.o)
                0x00089618                __muldi3
 .text          0x0008973c        0x0 /opt/altera/altera12.1/nios2eds/bin/gnu/H-i686-pc-linux-gnu/bin/../lib/gcc/nios2-elf/4.1.2/mno-hw-mul/libgcc.a(_clz.o)
 .text          0x0008973c       0x80 /opt/altera/altera12.1/nios2eds/bin/gnu/H-i686-pc-linux-gnu/bin/../lib/gcc/nios2-elf/4.1.2/mno-hw-mul/libgcc.a(_clzsi2.o)
                0x0008973c                __clzsi2
 .text          0x000897bc      0x314 /opt/altera/altera12.1/nios2eds/bin/gnu/H-i686-pc-linux-gnu/bin/../lib/gcc/nios2-elf/4.1.2/mno-hw-mul/libgcc.a(_pack_df.o)
                0x000897bc                __pack_d
 .text          0x00089ad0      0x138 /opt/altera/altera12.1/nios2eds/bin/gnu/H-i686-pc-linux-gnu/bin/../lib/gcc/nios2-elf/4.1.2/mno-hw-mul/libgcc.a(_unpack_df.o)
                0x00089ad0                __unpack_d
 .text          0x00089c08       0xc8 /opt/altera/altera12.1/nios2eds/bin/gnu/H-i686-pc-linux-gnu/bin/../lib/gcc/nios2-elf/4.1.2/mno-hw-mul/libgcc.a(_fpcmp_parts_df.o)
                0x00089c08                __fpcmp_parts_d
 .text          0x00089cd0      0x160 ../snake_software_bsp//libhal_bsp.a(alt_close.o)
                0x00089cd0                close
 .text          0x00089e30       0x2c ../snake_software_bsp//libhal_bsp.a(alt_dev.o)
 .text          0x00089e5c        0x0 ../snake_software_bsp//libhal_bsp.a(alt_errno.o)
 .text          0x00089e5c      0x138 ../snake_software_bsp//libhal_bsp.a(alt_fstat.o)
                0x00089e5c                fstat
 .text          0x00089f94      0x124 ../snake_software_bsp//libhal_bsp.a(alt_isatty.o)
                0x00089f94                isatty
 .text          0x0008a0b8       0xec ../snake_software_bsp//libhal_bsp.a(alt_load.o)
                0x0008a0b8                alt_load
 .text          0x0008a1a4      0x154 ../snake_software_bsp//libhal_bsp.a(alt_lseek.o)
                0x0008a1a4                lseek
 .text          0x0008a2f8       0x6c ../snake_software_bsp//libhal_bsp.a(alt_main.o)
                0x0008a2f8                alt_main
 .text          0x0008a364       0x40 ../snake_software_bsp//libhal_bsp.a(alt_malloc_lock.o)
                0x0008a364                __malloc_lock
                0x0008a384                __malloc_unlock
 .text          0x0008a3a4      0x184 ../snake_software_bsp//libhal_bsp.a(alt_read.o)
                0x0008a3a4                read
 .text          0x0008a528       0x78 ../snake_software_bsp//libhal_bsp.a(alt_release_fd.o)
                0x0008a528                alt_release_fd
 .text          0x0008a5a0       0xbc ../snake_software_bsp//libhal_bsp.a(alt_sbrk.o)
                0x0008a5a0                sbrk
 .text          0x0008a65c      0x184 ../snake_software_bsp//libhal_bsp.a(alt_write.o)
                0x0008a65c                write
 .text          0x0008a7e0       0xb0 ../snake_software_bsp//libhal_bsp.a(alt_sys_init.o)
                0x0008a7e0                alt_irq_init
                0x0008a814                alt_sys_init
 .text          0x0008a890      0x148 ../snake_software_bsp//libhal_bsp.a(altera_avalon_jtag_uart_fd.o)
                0x0008a890                altera_avalon_jtag_uart_read_fd
                0x0008a8e8                altera_avalon_jtag_uart_write_fd
                0x0008a940                altera_avalon_jtag_uart_close_fd
                0x0008a988                altera_avalon_jtag_uart_ioctl_fd
 .text          0x0008a9d8      0x40c ../snake_software_bsp//libhal_bsp.a(altera_avalon_jtag_uart_init.o)
                0x0008a9d8                altera_avalon_jtag_uart_init
                0x0008ad70                altera_avalon_jtag_uart_close
 .text          0x0008ade4       0xf4 ../snake_software_bsp//libhal_bsp.a(altera_avalon_jtag_uart_ioctl.o)
                0x0008ade4                altera_avalon_jtag_uart_ioctl
 .text          0x0008aed8      0x224 ../snake_software_bsp//libhal_bsp.a(altera_avalon_jtag_uart_read.o)
                0x0008aed8                altera_avalon_jtag_uart_read
 .text          0x0008b0fc      0x240 ../snake_software_bsp//libhal_bsp.a(altera_avalon_jtag_uart_write.o)
                0x0008b0fc                altera_avalon_jtag_uart_write
 .text          0x0008b33c      0x154 ../snake_software_bsp//libhal_bsp.a(alt_alarm_start.o)
                0x0008b33c                alt_alarm_start
 .text          0x0008b490       0x1c ../snake_software_bsp//libhal_bsp.a(alt_dcache_flush_all.o)
                0x0008b490                alt_dcache_flush_all
 .text          0x0008b4ac      0x114 ../snake_software_bsp//libhal_bsp.a(alt_dev_llist_insert.o)
                0x0008b4ac                alt_dev_llist_insert
 .text          0x0008b5c0       0x64 ../snake_software_bsp//libhal_bsp.a(alt_do_ctors.o)
                0x0008b5c0                _do_ctors
 .text          0x0008b624       0x64 ../snake_software_bsp//libhal_bsp.a(alt_do_dtors.o)
                0x0008b624                _do_dtors
 .text          0x0008b688       0x1c ../snake_software_bsp//libhal_bsp.a(alt_icache_flush_all.o)
                0x0008b688                alt_icache_flush_all
 .text          0x0008b6a4      0x1d4 ../snake_software_bsp//libhal_bsp.a(alt_iic.o)
                0x0008b6a4                alt_ic_isr_register
                0x0008b6f4                alt_ic_irq_enable
                0x0008b790                alt_ic_irq_disable
                0x0008b830                alt_ic_irq_enabled
 .text          0x0008b878       0xf8 ../snake_software_bsp//libhal_bsp.a(alt_iic_isr_register.o)
                0x0008b878                alt_iic_isr_register
 .text          0x0008b970      0x150 ../snake_software_bsp//libhal_bsp.a(alt_io_redirect.o)
                0x0008ba48                alt_io_redirect
 .text          0x0008bac0        0x0 ../snake_software_bsp//libhal_bsp.a(alt_irq_entry.o)
 .text          0x0008bac0        0x0 ../snake_software_bsp//libhal_bsp.a(alt_irq_handler.o)
 .text          0x0008bac0        0x0 ../snake_software_bsp//libhal_bsp.a(alt_irq_vars.o)
 .text          0x0008bac0      0x2e4 ../snake_software_bsp//libhal_bsp.a(alt_open.o)
                0x0008bbb8                open
 .text          0x0008bda4      0x1a4 ../snake_software_bsp//libhal_bsp.a(alt_tick.o)
                0x0008bda4                alt_alarm_stop
                0x0008be3c                alt_tick
 .text          0x0008bf48       0x20 ../snake_software_bsp//libhal_bsp.a(altera_nios2_irq.o)
                0x0008bf48                altera_nios2_irq_init
 .text          0x0008bf68        0x0 ../snake_software_bsp//libhal_bsp.a(alt_exception_entry.o)
 .text          0x0008bf68       0x94 ../snake_software_bsp//libhal_bsp.a(alt_find_dev.o)
                0x0008bf68                alt_find_dev
 .text          0x0008bffc      0x120 ../snake_software_bsp//libhal_bsp.a(alt_find_file.o)
                0x0008bffc                alt_find_file
 .text          0x0008c11c       0xd0 ../snake_software_bsp//libhal_bsp.a(alt_get_fd.o)
                0x0008c11c                alt_get_fd
 .text          0x0008c1ec       0x14 /opt/altera/altera12.1/nios2eds/bin/gnu/H-i686-pc-linux-gnu/bin/../lib/gcc/nios2-elf/4.1.2/../../../../nios2-elf/lib/mno-hw-mul/libc.a(lib_a-atexit.o)
                0x0008c1ec                atexit
 .text          0x0008c200       0x38 /opt/altera/altera12.1/nios2eds/bin/gnu/H-i686-pc-linux-gnu/bin/../lib/gcc/nios2-elf/4.1.2/../../../../nios2-elf/lib/mno-hw-mul/libc.a(lib_a-exit.o)
                0x0008c200                exit
 .text          0x0008c238       0x74 /opt/altera/altera12.1/nios2eds/bin/gnu/H-i686-pc-linux-gnu/bin/../lib/gcc/nios2-elf/4.1.2/../../../../nios2-elf/lib/mno-hw-mul/libc.a(lib_a-memcmp.o)
                0x0008c238                memcmp
 .text          0x0008c2ac      0x134 /opt/altera/altera12.1/nios2eds/bin/gnu/H-i686-pc-linux-gnu/bin/../lib/gcc/nios2-elf/4.1.2/../../../../nios2-elf/lib/mno-hw-mul/libc.a(lib_a-__atexit.o)
                0x0008c2ac                __register_exitproc
 .text          0x0008c3e0      0x1b4 /opt/altera/altera12.1/nios2eds/bin/gnu/H-i686-pc-linux-gnu/bin/../lib/gcc/nios2-elf/4.1.2/../../../../nios2-elf/lib/mno-hw-mul/libc.a(lib_a-__call_atexit.o)
                0x0008c3e4                __call_exitprocs
 .text          0x0008c594       0x60 ../snake_software_bsp//libhal_bsp.a(alt_exit.o)
                0x0008c5d4                _exit
 *(.gnu.warning.*)
 *(.fini)
                0x0008c5f4                PROVIDE (__etext, ABSOLUTE (.))
                0x0008c5f4                PROVIDE (_etext, ABSOLUTE (.))
                0x0008c5f4                PROVIDE (etext, ABSOLUTE (.))
 *(.eh_frame_hdr)
                0x0008c5f4                . = ALIGN (0x4)
                0x0008c5f4                PROVIDE (__preinit_array_start, ABSOLUTE (.))
 *(.preinit_array)
                0x0008c5f4                PROVIDE (__preinit_array_end, ABSOLUTE (.))
                0x0008c5f4                PROVIDE (__init_array_start, ABSOLUTE (.))
 *(.init_array)
                0x0008c5f4                PROVIDE (__init_array_end, ABSOLUTE (.))
                0x0008c5f4                PROVIDE (__fini_array_start, ABSOLUTE (.))
 *(.fini_array)
                0x0008c5f4                PROVIDE (__fini_array_end, ABSOLUTE (.))
 *(.eh_frame)
 *(.gcc_except_table)
 *(.dynamic)
                0x0008c5f4                PROVIDE (__CTOR_LIST__, ABSOLUTE (.))
 *(.ctors)
 *(SORT(.ctors.*))
 .ctors.65535   0x0008c5f4        0x4 /opt/altera/altera12.1/nios2eds/bin/gnu/H-i686-pc-linux-gnu/bin/../lib/gcc/nios2-elf/4.1.2/../../../../nios2-elf/lib/mno-hw-mul/libc.a(lib_a-__call_atexit.o)
                0x0008c5f8                PROVIDE (__CTOR_END__, ABSOLUTE (.))
                0x0008c5f8                PROVIDE (__DTOR_LIST__, ABSOLUTE (.))
 *(.dtors)
 *(SORT(.dtors.*))
                0x0008c5f8                PROVIDE (__DTOR_END__, ABSOLUTE (.))
 *(.jcr)
                0x0008c5f8                . = ALIGN (0x4)

.rodata         0x0008c5f8      0x36c
                0x0008c5f8                PROVIDE (__ram_rodata_start, ABSOLUTE (.))
                0x0008c5f8                . = ALIGN (0x4)
 *(.rodata .rodata.* .gnu.linkonce.r.*)
 .rodata        0x0008c5f8       0x14 obj/default/PS2.o
 .rodata        0x0008c60c       0x14 obj/default/hello_world.o
 .rodata.str1.4
                0x0008c620        0x2 /opt/altera/altera12.1/nios2eds/bin/gnu/H-i686-pc-linux-gnu/bin/../lib/gcc/nios2-elf/4.1.2/../../../../nios2-elf/lib/mno-hw-mul/libc.a(lib_a-puts.o)
                                  0x4 (size before relaxing)
 *fill*         0x0008c622        0x2 00
 .rodata.str1.4
                0x0008c624       0x5e /opt/altera/altera12.1/nios2eds/bin/gnu/H-i686-pc-linux-gnu/bin/../lib/gcc/nios2-elf/4.1.2/../../../../nios2-elf/lib/mno-hw-mul/libc.a(lib_a-vfprintf.o)
                                 0x60 (size before relaxing)
 .rodata        0x0008c682       0x20 /opt/altera/altera12.1/nios2eds/bin/gnu/H-i686-pc-linux-gnu/bin/../lib/gcc/nios2-elf/4.1.2/../../../../nios2-elf/lib/mno-hw-mul/libc.a(lib_a-vfprintf.o)
 *fill*         0x0008c6a2        0x2 00
 .rodata.str1.4
                0x0008c6a4       0x10 /opt/altera/altera12.1/nios2eds/bin/gnu/H-i686-pc-linux-gnu/bin/../lib/gcc/nios2-elf/4.1.2/../../../../nios2-elf/lib/mno-hw-mul/libc.a(lib_a-dtoa.o)
                                 0x14 (size before relaxing)
 .rodata.str1.4
                0x0008c6b4        0x2 /opt/altera/altera12.1/nios2eds/bin/gnu/H-i686-pc-linux-gnu/bin/../lib/gcc/nios2-elf/4.1.2/../../../../nios2-elf/lib/mno-hw-mul/libc.a(lib_a-impure.o)
                                  0x4 (size before relaxing)
 *fill*         0x0008c6b6        0x2 00
 .rodata.str1.4
                0x0008c6b8       0x10 /opt/altera/altera12.1/nios2eds/bin/gnu/H-i686-pc-linux-gnu/bin/../lib/gcc/nios2-elf/4.1.2/../../../../nios2-elf/lib/mno-hw-mul/libc.a(lib_a-locale.o)
                                 0x18 (size before relaxing)
 .rodata        0x0008c6c8       0x30 /opt/altera/altera12.1/nios2eds/bin/gnu/H-i686-pc-linux-gnu/bin/../lib/gcc/nios2-elf/4.1.2/../../../../nios2-elf/lib/mno-hw-mul/libc.a(lib_a-locale.o)
 .rodata        0x0008c6f8      0x124 /opt/altera/altera12.1/nios2eds/bin/gnu/H-i686-pc-linux-gnu/bin/../lib/gcc/nios2-elf/4.1.2/../../../../nios2-elf/lib/mno-hw-mul/libc.a(lib_a-mprec.o)
                0x0008c6f8                __mprec_tens
                0x0008c7c0                __mprec_bigtens
                0x0008c7e8                __mprec_tinytens
 .rodata        0x0008c81c       0x14 /opt/altera/altera12.1/nios2eds/bin/gnu/H-i686-pc-linux-gnu/bin/../lib/gcc/nios2-elf/4.1.2/mno-hw-mul/libgcc.a(_thenan_df.o)
                0x0008c81c                __thenan_df
 .rodata        0x0008c830      0x100 /opt/altera/altera12.1/nios2eds/bin/gnu/H-i686-pc-linux-gnu/bin/../lib/gcc/nios2-elf/4.1.2/mno-hw-mul/libgcc.a(_clz.o)
                0x0008c830                __clz_tab
 .rodata        0x0008c930        0xc ../snake_software_bsp//libhal_bsp.a(alt_dev.o)
 .rodata        0x0008c93c       0x14 ../snake_software_bsp//libhal_bsp.a(alt_main.o)
 .rodata        0x0008c950       0x14 ../snake_software_bsp//libhal_bsp.a(alt_sys_init.o)
 *(.rodata1)
                0x0008c964                . = ALIGN (0x4)
                0x0008c964                PROVIDE (__ram_rodata_end, ABSOLUTE (.))
                0x0008c5f8                PROVIDE (__flash_rodata_start, LOADADDR (.rodata))

.rwdata         0x0008c964     0x1a5c load address 0x0008e3c0
                0x0008c964                PROVIDE (__ram_rwdata_start, ABSOLUTE (.))
                0x0008c964                . = ALIGN (0x4)
 *(.got.plt)
 *(.got)
 *(.data1)
 *(.data .data.* .gnu.linkonce.d.*)
 .data          0x0008c964        0x0 ../snake_software_bsp//obj/HAL/src/crt0.o
 .data          0x0008c964        0x0 obj/default/PS2.o
 .data          0x0008c964        0x0 obj/default/hello_world.o
 .data          0x0008c964        0x0 /opt/altera/altera12.1/nios2eds/bin/gnu/H-i686-pc-linux-gnu/bin/../lib/gcc/nios2-elf/4.1.2/../../../../nios2-elf/lib/mno-hw-mul/libc.a(lib_a-printf.o)
 .data          0x0008c964        0x0 /opt/altera/altera12.1/nios2eds/bin/gnu/H-i686-pc-linux-gnu/bin/../lib/gcc/nios2-elf/4.1.2/../../../../nios2-elf/lib/mno-hw-mul/libc.a(lib_a-puts.o)
 .data          0x0008c964        0x0 /opt/altera/altera12.1/nios2eds/bin/gnu/H-i686-pc-linux-gnu/bin/../lib/gcc/nios2-elf/4.1.2/../../../../nios2-elf/lib/mno-hw-mul/libc.a(lib_a-strlen.o)
 .data          0x0008c964        0x0 /opt/altera/altera12.1/nios2eds/bin/gnu/H-i686-pc-linux-gnu/bin/../lib/gcc/nios2-elf/4.1.2/../../../../nios2-elf/lib/mno-hw-mul/libc.a(lib_a-vfprintf.o)
 .data          0x0008c964        0x0 /opt/altera/altera12.1/nios2eds/bin/gnu/H-i686-pc-linux-gnu/bin/../lib/gcc/nios2-elf/4.1.2/../../../../nios2-elf/lib/mno-hw-mul/libc.a(lib_a-wsetup.o)
 .data          0x0008c964        0x0 /opt/altera/altera12.1/nios2eds/bin/gnu/H-i686-pc-linux-gnu/bin/../lib/gcc/nios2-elf/4.1.2/../../../../nios2-elf/lib/mno-hw-mul/libc.a(lib_a-dtoa.o)
 .data          0x0008c964        0x0 /opt/altera/altera12.1/nios2eds/bin/gnu/H-i686-pc-linux-gnu/bin/../lib/gcc/nios2-elf/4.1.2/../../../../nios2-elf/lib/mno-hw-mul/libc.a(lib_a-fflush.o)
 .data          0x0008c964        0x0 /opt/altera/altera12.1/nios2eds/bin/gnu/H-i686-pc-linux-gnu/bin/../lib/gcc/nios2-elf/4.1.2/../../../../nios2-elf/lib/mno-hw-mul/libc.a(lib_a-findfp.o)
 .data          0x0008c964        0x0 /opt/altera/altera12.1/nios2eds/bin/gnu/H-i686-pc-linux-gnu/bin/../lib/gcc/nios2-elf/4.1.2/../../../../nios2-elf/lib/mno-hw-mul/libc.a(lib_a-freer.o)
 .data          0x0008c964        0x0 /opt/altera/altera12.1/nios2eds/bin/gnu/H-i686-pc-linux-gnu/bin/../lib/gcc/nios2-elf/4.1.2/../../../../nios2-elf/lib/mno-hw-mul/libc.a(lib_a-fvwrite.o)
 .data          0x0008c964        0x0 /opt/altera/altera12.1/nios2eds/bin/gnu/H-i686-pc-linux-gnu/bin/../lib/gcc/nios2-elf/4.1.2/../../../../nios2-elf/lib/mno-hw-mul/libc.a(lib_a-fwalk.o)
 .data          0x0008c964      0x400 /opt/altera/altera12.1/nios2eds/bin/gnu/H-i686-pc-linux-gnu/bin/../lib/gcc/nios2-elf/4.1.2/../../../../nios2-elf/lib/mno-hw-mul/libc.a(lib_a-impure.o)
 .data          0x0008cd64        0xc /opt/altera/altera12.1/nios2eds/bin/gnu/H-i686-pc-linux-gnu/bin/../lib/gcc/nios2-elf/4.1.2/../../../../nios2-elf/lib/mno-hw-mul/libc.a(lib_a-locale.o)
                0x0008cd64                __lc_ctype
 .data          0x0008cd70        0x0 /opt/altera/altera12.1/nios2eds/bin/gnu/H-i686-pc-linux-gnu/bin/../lib/gcc/nios2-elf/4.1.2/../../../../nios2-elf/lib/mno-hw-mul/libc.a(lib_a-makebuf.o)
 .data          0x0008cd70      0x408 /opt/altera/altera12.1/nios2eds/bin/gnu/H-i686-pc-linux-gnu/bin/../lib/gcc/nios2-elf/4.1.2/../../../../nios2-elf/lib/mno-hw-mul/libc.a(lib_a-mallocr.o)
                0x0008cd70                __malloc_av_
 .data          0x0008d178        0x0 /opt/altera/altera12.1/nios2eds/bin/gnu/H-i686-pc-linux-gnu/bin/../lib/gcc/nios2-elf/4.1.2/../../../../nios2-elf/lib/mno-hw-mul/libc.a(lib_a-memchr.o)
 .data          0x0008d178        0x0 /opt/altera/altera12.1/nios2eds/bin/gnu/H-i686-pc-linux-gnu/bin/../lib/gcc/nios2-elf/4.1.2/../../../../nios2-elf/lib/mno-hw-mul/libc.a(lib_a-memcpy.o)
 .data          0x0008d178        0x0 /opt/altera/altera12.1/nios2eds/bin/gnu/H-i686-pc-linux-gnu/bin/../lib/gcc/nios2-elf/4.1.2/../../../../nios2-elf/lib/mno-hw-mul/libc.a(lib_a-memmove.o)
 .data          0x0008d178        0x0 /opt/altera/altera12.1/nios2eds/bin/gnu/H-i686-pc-linux-gnu/bin/../lib/gcc/nios2-elf/4.1.2/../../../../nios2-elf/lib/mno-hw-mul/libc.a(lib_a-memset.o)
 .data          0x0008d178        0x0 /opt/altera/altera12.1/nios2eds/bin/gnu/H-i686-pc-linux-gnu/bin/../lib/gcc/nios2-elf/4.1.2/../../../../nios2-elf/lib/mno-hw-mul/libc.a(lib_a-mprec.o)
 .data          0x0008d178        0x0 /opt/altera/altera12.1/nios2eds/bin/gnu/H-i686-pc-linux-gnu/bin/../lib/gcc/nios2-elf/4.1.2/../../../../nios2-elf/lib/mno-hw-mul/libc.a(lib_a-reallocr.o)
 .data          0x0008d178        0x0 /opt/altera/altera12.1/nios2eds/bin/gnu/H-i686-pc-linux-gnu/bin/../lib/gcc/nios2-elf/4.1.2/../../../../nios2-elf/lib/mno-hw-mul/libc.a(lib_a-s_isinfd.o)
 .data          0x0008d178        0x0 /opt/altera/altera12.1/nios2eds/bin/gnu/H-i686-pc-linux-gnu/bin/../lib/gcc/nios2-elf/4.1.2/../../../../nios2-elf/lib/mno-hw-mul/libc.a(lib_a-s_isnand.o)
 .data          0x0008d178        0x0 /opt/altera/altera12.1/nios2eds/bin/gnu/H-i686-pc-linux-gnu/bin/../lib/gcc/nios2-elf/4.1.2/../../../../nios2-elf/lib/mno-hw-mul/libc.a(lib_a-sbrkr.o)
 .data          0x0008d178        0x0 /opt/altera/altera12.1/nios2eds/bin/gnu/H-i686-pc-linux-gnu/bin/../lib/gcc/nios2-elf/4.1.2/../../../../nios2-elf/lib/mno-hw-mul/libc.a(lib_a-stdio.o)
 .data          0x0008d178        0x0 /opt/altera/altera12.1/nios2eds/bin/gnu/H-i686-pc-linux-gnu/bin/../lib/gcc/nios2-elf/4.1.2/../../../../nios2-elf/lib/mno-hw-mul/libc.a(lib_a-strcmp.o)
 .data          0x0008d178        0x0 /opt/altera/altera12.1/nios2eds/bin/gnu/H-i686-pc-linux-gnu/bin/../lib/gcc/nios2-elf/4.1.2/../../../../nios2-elf/lib/mno-hw-mul/libc.a(lib_a-writer.o)
 .data          0x0008d178        0x0 /opt/altera/altera12.1/nios2eds/bin/gnu/H-i686-pc-linux-gnu/bin/../lib/gcc/nios2-elf/4.1.2/../../../../nios2-elf/lib/mno-hw-mul/libc.a(lib_a-callocr.o)
 .data          0x0008d178        0x0 /opt/altera/altera12.1/nios2eds/bin/gnu/H-i686-pc-linux-gnu/bin/../lib/gcc/nios2-elf/4.1.2/../../../../nios2-elf/lib/mno-hw-mul/libc.a(lib_a-closer.o)
 .data          0x0008d178        0x0 /opt/altera/altera12.1/nios2eds/bin/gnu/H-i686-pc-linux-gnu/bin/../lib/gcc/nios2-elf/4.1.2/../../../../nios2-elf/lib/mno-hw-mul/libc.a(lib_a-fclose.o)
 .data          0x0008d178        0x0 /opt/altera/altera12.1/nios2eds/bin/gnu/H-i686-pc-linux-gnu/bin/../lib/gcc/nios2-elf/4.1.2/../../../../nios2-elf/lib/mno-hw-mul/libc.a(lib_a-fstatr.o)
 .data          0x0008d178        0x0 /opt/altera/altera12.1/nios2eds/bin/gnu/H-i686-pc-linux-gnu/bin/../lib/gcc/nios2-elf/4.1.2/../../../../nios2-elf/lib/mno-hw-mul/libc.a(lib_a-int_errno.o)
 .data          0x0008d178        0x0 /opt/altera/altera12.1/nios2eds/bin/gnu/H-i686-pc-linux-gnu/bin/../lib/gcc/nios2-elf/4.1.2/../../../../nios2-elf/lib/mno-hw-mul/libc.a(lib_a-isattyr.o)
 .data          0x0008d178        0x0 /opt/altera/altera12.1/nios2eds/bin/gnu/H-i686-pc-linux-gnu/bin/../lib/gcc/nios2-elf/4.1.2/../../../../nios2-elf/lib/mno-hw-mul/libc.a(lib_a-lseekr.o)
 .data          0x0008d178        0x0 /opt/altera/altera12.1/nios2eds/bin/gnu/H-i686-pc-linux-gnu/bin/../lib/gcc/nios2-elf/4.1.2/../../../../nios2-elf/lib/mno-hw-mul/libc.a(lib_a-readr.o)
 .data          0x0008d178        0x0 /opt/altera/altera12.1/nios2eds/bin/gnu/H-i686-pc-linux-gnu/bin/../lib/gcc/nios2-elf/4.1.2/mno-hw-mul/libgcc.a(_udivdi3.o)
 .data          0x0008d178        0x0 /opt/altera/altera12.1/nios2eds/bin/gnu/H-i686-pc-linux-gnu/bin/../lib/gcc/nios2-elf/4.1.2/mno-hw-mul/libgcc.a(_umoddi3.o)
 .data          0x0008d178        0x0 /opt/altera/altera12.1/nios2eds/bin/gnu/H-i686-pc-linux-gnu/bin/../lib/gcc/nios2-elf/4.1.2/mno-hw-mul/libgcc.a(_addsub_df.o)
 .data          0x0008d178        0x0 /opt/altera/altera12.1/nios2eds/bin/gnu/H-i686-pc-linux-gnu/bin/../lib/gcc/nios2-elf/4.1.2/mno-hw-mul/libgcc.a(_mul_df.o)
 .data          0x0008d178        0x0 /opt/altera/altera12.1/nios2eds/bin/gnu/H-i686-pc-linux-gnu/bin/../lib/gcc/nios2-elf/4.1.2/mno-hw-mul/libgcc.a(_div_df.o)
 .data          0x0008d178        0x0 /opt/altera/altera12.1/nios2eds/bin/gnu/H-i686-pc-linux-gnu/bin/../lib/gcc/nios2-elf/4.1.2/mno-hw-mul/libgcc.a(_eq_df.o)
 .data          0x0008d178        0x0 /opt/altera/altera12.1/nios2eds/bin/gnu/H-i686-pc-linux-gnu/bin/../lib/gcc/nios2-elf/4.1.2/mno-hw-mul/libgcc.a(_ne_df.o)
 .data          0x0008d178        0x0 /opt/altera/altera12.1/nios2eds/bin/gnu/H-i686-pc-linux-gnu/bin/../lib/gcc/nios2-elf/4.1.2/mno-hw-mul/libgcc.a(_gt_df.o)
 .data          0x0008d178        0x0 /opt/altera/altera12.1/nios2eds/bin/gnu/H-i686-pc-linux-gnu/bin/../lib/gcc/nios2-elf/4.1.2/mno-hw-mul/libgcc.a(_ge_df.o)
 .data          0x0008d178        0x0 /opt/altera/altera12.1/nios2eds/bin/gnu/H-i686-pc-linux-gnu/bin/../lib/gcc/nios2-elf/4.1.2/mno-hw-mul/libgcc.a(_lt_df.o)
 .data          0x0008d178        0x0 /opt/altera/altera12.1/nios2eds/bin/gnu/H-i686-pc-linux-gnu/bin/../lib/gcc/nios2-elf/4.1.2/mno-hw-mul/libgcc.a(_si_to_df.o)
 .data          0x0008d178        0x0 /opt/altera/altera12.1/nios2eds/bin/gnu/H-i686-pc-linux-gnu/bin/../lib/gcc/nios2-elf/4.1.2/mno-hw-mul/libgcc.a(_df_to_si.o)
 .data          0x0008d178        0x0 /opt/altera/altera12.1/nios2eds/bin/gnu/H-i686-pc-linux-gnu/bin/../lib/gcc/nios2-elf/4.1.2/mno-hw-mul/libgcc.a(_thenan_df.o)
 .data          0x0008d178        0x0 /opt/altera/altera12.1/nios2eds/bin/gnu/H-i686-pc-linux-gnu/bin/../lib/gcc/nios2-elf/4.1.2/mno-hw-mul/libgcc.a(_usi_to_df.o)
 .data          0x0008d178        0x0 /opt/altera/altera12.1/nios2eds/bin/gnu/H-i686-pc-linux-gnu/bin/../lib/gcc/nios2-elf/4.1.2/mno-hw-mul/libgcc.a(lib2-divmod.o)
 .data          0x0008d178        0x0 /opt/altera/altera12.1/nios2eds/bin/gnu/H-i686-pc-linux-gnu/bin/../lib/gcc/nios2-elf/4.1.2/mno-hw-mul/libgcc.a(lib2-mul.o)
 .data          0x0008d178        0x0 /opt/altera/altera12.1/nios2eds/bin/gnu/H-i686-pc-linux-gnu/bin/../lib/gcc/nios2-elf/4.1.2/mno-hw-mul/libgcc.a(_muldi3.o)
 .data          0x0008d178        0x0 /opt/altera/altera12.1/nios2eds/bin/gnu/H-i686-pc-linux-gnu/bin/../lib/gcc/nios2-elf/4.1.2/mno-hw-mul/libgcc.a(_clz.o)
 .data          0x0008d178        0x0 /opt/altera/altera12.1/nios2eds/bin/gnu/H-i686-pc-linux-gnu/bin/../lib/gcc/nios2-elf/4.1.2/mno-hw-mul/libgcc.a(_clzsi2.o)
 .data          0x0008d178        0x0 /opt/altera/altera12.1/nios2eds/bin/gnu/H-i686-pc-linux-gnu/bin/../lib/gcc/nios2-elf/4.1.2/mno-hw-mul/libgcc.a(_pack_df.o)
 .data          0x0008d178        0x0 /opt/altera/altera12.1/nios2eds/bin/gnu/H-i686-pc-linux-gnu/bin/../lib/gcc/nios2-elf/4.1.2/mno-hw-mul/libgcc.a(_unpack_df.o)
 .data          0x0008d178        0x0 /opt/altera/altera12.1/nios2eds/bin/gnu/H-i686-pc-linux-gnu/bin/../lib/gcc/nios2-elf/4.1.2/mno-hw-mul/libgcc.a(_fpcmp_parts_df.o)
 .data          0x0008d178        0x0 ../snake_software_bsp//libhal_bsp.a(alt_close.o)
 .data          0x0008d178      0x1a8 ../snake_software_bsp//libhal_bsp.a(alt_dev.o)
                0x0008d178                alt_dev_null
                0x0008d1a0                alt_fd_list
 .data          0x0008d320        0x0 ../snake_software_bsp//libhal_bsp.a(alt_errno.o)
 .data          0x0008d320        0x0 ../snake_software_bsp//libhal_bsp.a(alt_fstat.o)
 .data          0x0008d320        0x0 ../snake_software_bsp//libhal_bsp.a(alt_isatty.o)
 .data          0x0008d320        0x0 ../snake_software_bsp//libhal_bsp.a(alt_load.o)
 .data          0x0008d320        0x0 ../snake_software_bsp//libhal_bsp.a(alt_lseek.o)
 .data          0x0008d320        0x0 ../snake_software_bsp//libhal_bsp.a(alt_main.o)
 .data          0x0008d320        0x0 ../snake_software_bsp//libhal_bsp.a(alt_malloc_lock.o)
 .data          0x0008d320        0x0 ../snake_software_bsp//libhal_bsp.a(alt_read.o)
 .data          0x0008d320        0x0 ../snake_software_bsp//libhal_bsp.a(alt_release_fd.o)
 .data          0x0008d320        0x0 ../snake_software_bsp//libhal_bsp.a(alt_sbrk.o)
 .data          0x0008d320        0x0 ../snake_software_bsp//libhal_bsp.a(alt_write.o)
 .data          0x0008d320     0x1060 ../snake_software_bsp//libhal_bsp.a(alt_sys_init.o)
 .data          0x0008e380        0x0 ../snake_software_bsp//libhal_bsp.a(altera_avalon_jtag_uart_fd.o)
 .data          0x0008e380        0x0 ../snake_software_bsp//libhal_bsp.a(altera_avalon_jtag_uart_init.o)
 .data          0x0008e380        0x0 ../snake_software_bsp//libhal_bsp.a(altera_avalon_jtag_uart_ioctl.o)
 .data          0x0008e380        0x0 ../snake_software_bsp//libhal_bsp.a(altera_avalon_jtag_uart_read.o)
 .data          0x0008e380        0x0 ../snake_software_bsp//libhal_bsp.a(altera_avalon_jtag_uart_write.o)
 .data          0x0008e380        0x0 ../snake_software_bsp//libhal_bsp.a(alt_alarm_start.o)
 .data          0x0008e380        0x0 ../snake_software_bsp//libhal_bsp.a(alt_dcache_flush_all.o)
 .data          0x0008e380        0x0 ../snake_software_bsp//libhal_bsp.a(alt_dev_llist_insert.o)
 .data          0x0008e380        0x0 ../snake_software_bsp//libhal_bsp.a(alt_do_ctors.o)
 .data          0x0008e380        0x0 ../snake_software_bsp//libhal_bsp.a(alt_do_dtors.o)
 .data          0x0008e380        0x0 ../snake_software_bsp//libhal_bsp.a(alt_icache_flush_all.o)
 .data          0x0008e380        0x0 ../snake_software_bsp//libhal_bsp.a(alt_iic.o)
 .data          0x0008e380        0x0 ../snake_software_bsp//libhal_bsp.a(alt_iic_isr_register.o)
 .data          0x0008e380        0x0 ../snake_software_bsp//libhal_bsp.a(alt_io_redirect.o)
 .data          0x0008e380        0x0 ../snake_software_bsp//libhal_bsp.a(alt_irq_entry.o)
 .data          0x0008e380        0x0 ../snake_software_bsp//libhal_bsp.a(alt_irq_handler.o)
 .data          0x0008e380        0x0 ../snake_software_bsp//libhal_bsp.a(alt_irq_vars.o)
 .data          0x0008e380        0x0 ../snake_software_bsp//libhal_bsp.a(alt_open.o)
 .data          0x0008e380        0x0 ../snake_software_bsp//libhal_bsp.a(alt_tick.o)
 .data          0x0008e380        0x0 ../snake_software_bsp//libhal_bsp.a(altera_nios2_irq.o)
 .data          0x0008e380        0x0 ../snake_software_bsp//libhal_bsp.a(alt_exception_entry.o)
 .data          0x0008e380        0x0 ../snake_software_bsp//libhal_bsp.a(alt_find_dev.o)
 .data          0x0008e380        0x0 ../snake_software_bsp//libhal_bsp.a(alt_find_file.o)
 .data          0x0008e380        0x0 ../snake_software_bsp//libhal_bsp.a(alt_get_fd.o)
 .data          0x0008e380        0x0 /opt/altera/altera12.1/nios2eds/bin/gnu/H-i686-pc-linux-gnu/bin/../lib/gcc/nios2-elf/4.1.2/../../../../nios2-elf/lib/mno-hw-mul/libc.a(lib_a-atexit.o)
 .data          0x0008e380        0x0 /opt/altera/altera12.1/nios2eds/bin/gnu/H-i686-pc-linux-gnu/bin/../lib/gcc/nios2-elf/4.1.2/../../../../nios2-elf/lib/mno-hw-mul/libc.a(lib_a-exit.o)
 .data          0x0008e380        0x0 /opt/altera/altera12.1/nios2eds/bin/gnu/H-i686-pc-linux-gnu/bin/../lib/gcc/nios2-elf/4.1.2/../../../../nios2-elf/lib/mno-hw-mul/libc.a(lib_a-memcmp.o)
 .data          0x0008e380        0x0 /opt/altera/altera12.1/nios2eds/bin/gnu/H-i686-pc-linux-gnu/bin/../lib/gcc/nios2-elf/4.1.2/../../../../nios2-elf/lib/mno-hw-mul/libc.a(lib_a-__atexit.o)
 .data          0x0008e380        0x0 /opt/altera/altera12.1/nios2eds/bin/gnu/H-i686-pc-linux-gnu/bin/../lib/gcc/nios2-elf/4.1.2/../../../../nios2-elf/lib/mno-hw-mul/libc.a(lib_a-__call_atexit.o)
 .data          0x0008e380        0x0 ../snake_software_bsp//libhal_bsp.a(alt_exit.o)
                0x00096380                _gp = ABSOLUTE ((. + 0x8000))
                0x00096380                PROVIDE (gp, _gp)
 *(.rwdata .rwdata.*)
 *(.sdata .sdata.* .gnu.linkonce.s.*)
 .sdata         0x0008e380        0x8 /opt/altera/altera12.1/nios2eds/bin/gnu/H-i686-pc-linux-gnu/bin/../lib/gcc/nios2-elf/4.1.2/../../../../nios2-elf/lib/mno-hw-mul/libc.a(lib_a-impure.o)
                0x0008e380                _impure_ptr
                0x0008e384                _global_impure_ptr
 .sdata         0x0008e388        0x8 /opt/altera/altera12.1/nios2eds/bin/gnu/H-i686-pc-linux-gnu/bin/../lib/gcc/nios2-elf/4.1.2/../../../../nios2-elf/lib/mno-hw-mul/libc.a(lib_a-locale.o)
                0x0008e388                __mb_cur_max
 .sdata         0x0008e390        0x8 /opt/altera/altera12.1/nios2eds/bin/gnu/H-i686-pc-linux-gnu/bin/../lib/gcc/nios2-elf/4.1.2/../../../../nios2-elf/lib/mno-hw-mul/libc.a(lib_a-mallocr.o)
                0x0008e390                __malloc_trim_threshold
                0x0008e394                __malloc_sbrk_base
 .sdata         0x0008e398       0x14 ../snake_software_bsp//libhal_bsp.a(alt_dev.o)
                0x0008e398                alt_fs_list
                0x0008e3a0                alt_dev_list
                0x0008e3a8                alt_max_fd
 .sdata         0x0008e3ac        0x4 ../snake_software_bsp//libhal_bsp.a(alt_errno.o)
                0x0008e3ac                alt_errno
 .sdata         0x0008e3b0        0x4 ../snake_software_bsp//libhal_bsp.a(alt_sbrk.o)
 .sdata         0x0008e3b4        0x4 ../snake_software_bsp//libhal_bsp.a(alt_irq_vars.o)
                0x0008e3b4                alt_priority_mask
 .sdata         0x0008e3b8        0x8 ../snake_software_bsp//libhal_bsp.a(alt_tick.o)
                0x0008e3b8                alt_alarm_list
 *(.sdata2 .sdata2.* .gnu.linkonce.s2.*)
                0x0008e3c0                . = ALIGN (0x4)
                0x0008e3c0                _edata = ABSOLUTE (.)
                0x0008e3c0                PROVIDE (edata, ABSOLUTE (.))
                0x0008e3c0                PROVIDE (__ram_rwdata_end, ABSOLUTE (.))
                0x0008e3c0                PROVIDE (__flash_rwdata_start, LOADADDR (.rwdata))

.bss            0x0008fe1c      0x2ec
                0x0008fe1c                __bss_start = ABSOLUTE (.)
                0x0008fe1c                PROVIDE (__sbss_start, ABSOLUTE (.))
                0x0008fe1c                PROVIDE (___sbss_start, ABSOLUTE (.))
 *(.dynsbss)
 *(.sbss .sbss.* .gnu.linkonce.sb.*)
 .sbss          0x0008fe1c        0xc /opt/altera/altera12.1/nios2eds/bin/gnu/H-i686-pc-linux-gnu/bin/../lib/gcc/nios2-elf/4.1.2/../../../../nios2-elf/lib/mno-hw-mul/libc.a(lib_a-locale.o)
                0x0008fe1c                __nlocale_changed
                0x0008fe20                __mlocale_changed
                0x0008fe24                _PathLocale
 .sbss          0x0008fe28        0xc /opt/altera/altera12.1/nios2eds/bin/gnu/H-i686-pc-linux-gnu/bin/../lib/gcc/nios2-elf/4.1.2/../../../../nios2-elf/lib/mno-hw-mul/libc.a(lib_a-mallocr.o)
                0x0008fe28                __malloc_top_pad
                0x0008fe2c                __malloc_max_sbrked_mem
                0x0008fe30                __malloc_max_total_mem
 .sbss          0x0008fe34        0x4 /opt/altera/altera12.1/nios2eds/bin/gnu/H-i686-pc-linux-gnu/bin/../lib/gcc/nios2-elf/4.1.2/../../../../nios2-elf/lib/mno-hw-mul/libc.a(lib_a-int_errno.o)
                0x0008fe34                errno
 .sbss          0x0008fe38        0xc ../snake_software_bsp//libhal_bsp.a(alt_main.o)
                0x0008fe38                alt_argc
                0x0008fe3c                alt_argv
                0x0008fe40                alt_envp
 .sbss          0x0008fe44        0x4 ../snake_software_bsp//libhal_bsp.a(alt_irq_vars.o)
                0x0008fe44                alt_irq_active
 .sbss          0x0008fe48        0x8 ../snake_software_bsp//libhal_bsp.a(alt_tick.o)
                0x0008fe48                _alt_tick_rate
                0x0008fe4c                _alt_nticks
 *(.sbss2 .sbss2.* .gnu.linkonce.sb2.*)
 *(.scommon)
                0x0008fe50                PROVIDE (__sbss_end, ABSOLUTE (.))
                0x0008fe50                PROVIDE (___sbss_end, ABSOLUTE (.))
 *(.dynbss)
 *(.bss .bss.* .gnu.linkonce.b.*)
 .bss           0x0008fe50        0x0 ../snake_software_bsp//obj/HAL/src/crt0.o
 .bss           0x0008fe50        0x0 obj/default/PS2.o
 .bss           0x0008fe50        0x0 obj/default/hello_world.o
 .bss           0x0008fe50        0x0 /opt/altera/altera12.1/nios2eds/bin/gnu/H-i686-pc-linux-gnu/bin/../lib/gcc/nios2-elf/4.1.2/../../../../nios2-elf/lib/mno-hw-mul/libc.a(lib_a-printf.o)
 .bss           0x0008fe50        0x0 /opt/altera/altera12.1/nios2eds/bin/gnu/H-i686-pc-linux-gnu/bin/../lib/gcc/nios2-elf/4.1.2/../../../../nios2-elf/lib/mno-hw-mul/libc.a(lib_a-puts.o)
 .bss           0x0008fe50        0x0 /opt/altera/altera12.1/nios2eds/bin/gnu/H-i686-pc-linux-gnu/bin/../lib/gcc/nios2-elf/4.1.2/../../../../nios2-elf/lib/mno-hw-mul/libc.a(lib_a-strlen.o)
 .bss           0x0008fe50        0x0 /opt/altera/altera12.1/nios2eds/bin/gnu/H-i686-pc-linux-gnu/bin/../lib/gcc/nios2-elf/4.1.2/../../../../nios2-elf/lib/mno-hw-mul/libc.a(lib_a-vfprintf.o)
 .bss           0x0008fe50        0x0 /opt/altera/altera12.1/nios2eds/bin/gnu/H-i686-pc-linux-gnu/bin/../lib/gcc/nios2-elf/4.1.2/../../../../nios2-elf/lib/mno-hw-mul/libc.a(lib_a-wsetup.o)
 .bss           0x0008fe50        0x0 /opt/altera/altera12.1/nios2eds/bin/gnu/H-i686-pc-linux-gnu/bin/../lib/gcc/nios2-elf/4.1.2/../../../../nios2-elf/lib/mno-hw-mul/libc.a(lib_a-dtoa.o)
 .bss           0x0008fe50        0x0 /opt/altera/altera12.1/nios2eds/bin/gnu/H-i686-pc-linux-gnu/bin/../lib/gcc/nios2-elf/4.1.2/../../../../nios2-elf/lib/mno-hw-mul/libc.a(lib_a-fflush.o)
 .bss           0x0008fe50        0x0 /opt/altera/altera12.1/nios2eds/bin/gnu/H-i686-pc-linux-gnu/bin/../lib/gcc/nios2-elf/4.1.2/../../../../nios2-elf/lib/mno-hw-mul/libc.a(lib_a-findfp.o)
 .bss           0x0008fe50        0x0 /opt/altera/altera12.1/nios2eds/bin/gnu/H-i686-pc-linux-gnu/bin/../lib/gcc/nios2-elf/4.1.2/../../../../nios2-elf/lib/mno-hw-mul/libc.a(lib_a-freer.o)
 .bss           0x0008fe50        0x0 /opt/altera/altera12.1/nios2eds/bin/gnu/H-i686-pc-linux-gnu/bin/../lib/gcc/nios2-elf/4.1.2/../../../../nios2-elf/lib/mno-hw-mul/libc.a(lib_a-fvwrite.o)
 .bss           0x0008fe50        0x0 /opt/altera/altera12.1/nios2eds/bin/gnu/H-i686-pc-linux-gnu/bin/../lib/gcc/nios2-elf/4.1.2/../../../../nios2-elf/lib/mno-hw-mul/libc.a(lib_a-fwalk.o)
 .bss           0x0008fe50        0x0 /opt/altera/altera12.1/nios2eds/bin/gnu/H-i686-pc-linux-gnu/bin/../lib/gcc/nios2-elf/4.1.2/../../../../nios2-elf/lib/mno-hw-mul/libc.a(lib_a-impure.o)
 .bss           0x0008fe50        0x0 /opt/altera/altera12.1/nios2eds/bin/gnu/H-i686-pc-linux-gnu/bin/../lib/gcc/nios2-elf/4.1.2/../../../../nios2-elf/lib/mno-hw-mul/libc.a(lib_a-locale.o)
 .bss           0x0008fe50        0x0 /opt/altera/altera12.1/nios2eds/bin/gnu/H-i686-pc-linux-gnu/bin/../lib/gcc/nios2-elf/4.1.2/../../../../nios2-elf/lib/mno-hw-mul/libc.a(lib_a-makebuf.o)
 .bss           0x0008fe50       0x28 /opt/altera/altera12.1/nios2eds/bin/gnu/H-i686-pc-linux-gnu/bin/../lib/gcc/nios2-elf/4.1.2/../../../../nios2-elf/lib/mno-hw-mul/libc.a(lib_a-mallocr.o)
                0x0008fe50                __malloc_current_mallinfo
 .bss           0x0008fe78        0x0 /opt/altera/altera12.1/nios2eds/bin/gnu/H-i686-pc-linux-gnu/bin/../lib/gcc/nios2-elf/4.1.2/../../../../nios2-elf/lib/mno-hw-mul/libc.a(lib_a-memchr.o)
 .bss           0x0008fe78        0x0 /opt/altera/altera12.1/nios2eds/bin/gnu/H-i686-pc-linux-gnu/bin/../lib/gcc/nios2-elf/4.1.2/../../../../nios2-elf/lib/mno-hw-mul/libc.a(lib_a-memcpy.o)
 .bss           0x0008fe78        0x0 /opt/altera/altera12.1/nios2eds/bin/gnu/H-i686-pc-linux-gnu/bin/../lib/gcc/nios2-elf/4.1.2/../../../../nios2-elf/lib/mno-hw-mul/libc.a(lib_a-memmove.o)
 .bss           0x0008fe78        0x0 /opt/altera/altera12.1/nios2eds/bin/gnu/H-i686-pc-linux-gnu/bin/../lib/gcc/nios2-elf/4.1.2/../../../../nios2-elf/lib/mno-hw-mul/libc.a(lib_a-memset.o)
 .bss           0x0008fe78        0x0 /opt/altera/altera12.1/nios2eds/bin/gnu/H-i686-pc-linux-gnu/bin/../lib/gcc/nios2-elf/4.1.2/../../../../nios2-elf/lib/mno-hw-mul/libc.a(lib_a-mprec.o)
 .bss           0x0008fe78        0x0 /opt/altera/altera12.1/nios2eds/bin/gnu/H-i686-pc-linux-gnu/bin/../lib/gcc/nios2-elf/4.1.2/../../../../nios2-elf/lib/mno-hw-mul/libc.a(lib_a-reallocr.o)
 .bss           0x0008fe78        0x0 /opt/altera/altera12.1/nios2eds/bin/gnu/H-i686-pc-linux-gnu/bin/../lib/gcc/nios2-elf/4.1.2/../../../../nios2-elf/lib/mno-hw-mul/libc.a(lib_a-s_isinfd.o)
 .bss           0x0008fe78        0x0 /opt/altera/altera12.1/nios2eds/bin/gnu/H-i686-pc-linux-gnu/bin/../lib/gcc/nios2-elf/4.1.2/../../../../nios2-elf/lib/mno-hw-mul/libc.a(lib_a-s_isnand.o)
 .bss           0x0008fe78        0x0 /opt/altera/altera12.1/nios2eds/bin/gnu/H-i686-pc-linux-gnu/bin/../lib/gcc/nios2-elf/4.1.2/../../../../nios2-elf/lib/mno-hw-mul/libc.a(lib_a-sbrkr.o)
 .bss           0x0008fe78        0x0 /opt/altera/altera12.1/nios2eds/bin/gnu/H-i686-pc-linux-gnu/bin/../lib/gcc/nios2-elf/4.1.2/../../../../nios2-elf/lib/mno-hw-mul/libc.a(lib_a-stdio.o)
 .bss           0x0008fe78        0x0 /opt/altera/altera12.1/nios2eds/bin/gnu/H-i686-pc-linux-gnu/bin/../lib/gcc/nios2-elf/4.1.2/../../../../nios2-elf/lib/mno-hw-mul/libc.a(lib_a-strcmp.o)
 .bss           0x0008fe78        0x0 /opt/altera/altera12.1/nios2eds/bin/gnu/H-i686-pc-linux-gnu/bin/../lib/gcc/nios2-elf/4.1.2/../../../../nios2-elf/lib/mno-hw-mul/libc.a(lib_a-writer.o)
 .bss           0x0008fe78        0x0 /opt/altera/altera12.1/nios2eds/bin/gnu/H-i686-pc-linux-gnu/bin/../lib/gcc/nios2-elf/4.1.2/../../../../nios2-elf/lib/mno-hw-mul/libc.a(lib_a-callocr.o)
 .bss           0x0008fe78        0x0 /opt/altera/altera12.1/nios2eds/bin/gnu/H-i686-pc-linux-gnu/bin/../lib/gcc/nios2-elf/4.1.2/../../../../nios2-elf/lib/mno-hw-mul/libc.a(lib_a-closer.o)
 .bss           0x0008fe78        0x0 /opt/altera/altera12.1/nios2eds/bin/gnu/H-i686-pc-linux-gnu/bin/../lib/gcc/nios2-elf/4.1.2/../../../../nios2-elf/lib/mno-hw-mul/libc.a(lib_a-fclose.o)
 .bss           0x0008fe78        0x0 /opt/altera/altera12.1/nios2eds/bin/gnu/H-i686-pc-linux-gnu/bin/../lib/gcc/nios2-elf/4.1.2/../../../../nios2-elf/lib/mno-hw-mul/libc.a(lib_a-fstatr.o)
 .bss           0x0008fe78        0x0 /opt/altera/altera12.1/nios2eds/bin/gnu/H-i686-pc-linux-gnu/bin/../lib/gcc/nios2-elf/4.1.2/../../../../nios2-elf/lib/mno-hw-mul/libc.a(lib_a-int_errno.o)
 .bss           0x0008fe78        0x0 /opt/altera/altera12.1/nios2eds/bin/gnu/H-i686-pc-linux-gnu/bin/../lib/gcc/nios2-elf/4.1.2/../../../../nios2-elf/lib/mno-hw-mul/libc.a(lib_a-isattyr.o)
 .bss           0x0008fe78        0x0 /opt/altera/altera12.1/nios2eds/bin/gnu/H-i686-pc-linux-gnu/bin/../lib/gcc/nios2-elf/4.1.2/../../../../nios2-elf/lib/mno-hw-mul/libc.a(lib_a-lseekr.o)
 .bss           0x0008fe78        0x0 /opt/altera/altera12.1/nios2eds/bin/gnu/H-i686-pc-linux-gnu/bin/../lib/gcc/nios2-elf/4.1.2/../../../../nios2-elf/lib/mno-hw-mul/libc.a(lib_a-readr.o)
 .bss           0x0008fe78        0x0 /opt/altera/altera12.1/nios2eds/bin/gnu/H-i686-pc-linux-gnu/bin/../lib/gcc/nios2-elf/4.1.2/mno-hw-mul/libgcc.a(_udivdi3.o)
 .bss           0x0008fe78        0x0 /opt/altera/altera12.1/nios2eds/bin/gnu/H-i686-pc-linux-gnu/bin/../lib/gcc/nios2-elf/4.1.2/mno-hw-mul/libgcc.a(_umoddi3.o)
 .bss           0x0008fe78        0x0 /opt/altera/altera12.1/nios2eds/bin/gnu/H-i686-pc-linux-gnu/bin/../lib/gcc/nios2-elf/4.1.2/mno-hw-mul/libgcc.a(_addsub_df.o)
 .bss           0x0008fe78        0x0 /opt/altera/altera12.1/nios2eds/bin/gnu/H-i686-pc-linux-gnu/bin/../lib/gcc/nios2-elf/4.1.2/mno-hw-mul/libgcc.a(_mul_df.o)
 .bss           0x0008fe78        0x0 /opt/altera/altera12.1/nios2eds/bin/gnu/H-i686-pc-linux-gnu/bin/../lib/gcc/nios2-elf/4.1.2/mno-hw-mul/libgcc.a(_div_df.o)
 .bss           0x0008fe78        0x0 /opt/altera/altera12.1/nios2eds/bin/gnu/H-i686-pc-linux-gnu/bin/../lib/gcc/nios2-elf/4.1.2/mno-hw-mul/libgcc.a(_eq_df.o)
 .bss           0x0008fe78        0x0 /opt/altera/altera12.1/nios2eds/bin/gnu/H-i686-pc-linux-gnu/bin/../lib/gcc/nios2-elf/4.1.2/mno-hw-mul/libgcc.a(_ne_df.o)
 .bss           0x0008fe78        0x0 /opt/altera/altera12.1/nios2eds/bin/gnu/H-i686-pc-linux-gnu/bin/../lib/gcc/nios2-elf/4.1.2/mno-hw-mul/libgcc.a(_gt_df.o)
 .bss           0x0008fe78        0x0 /opt/altera/altera12.1/nios2eds/bin/gnu/H-i686-pc-linux-gnu/bin/../lib/gcc/nios2-elf/4.1.2/mno-hw-mul/libgcc.a(_ge_df.o)
 .bss           0x0008fe78        0x0 /opt/altera/altera12.1/nios2eds/bin/gnu/H-i686-pc-linux-gnu/bin/../lib/gcc/nios2-elf/4.1.2/mno-hw-mul/libgcc.a(_lt_df.o)
 .bss           0x0008fe78        0x0 /opt/altera/altera12.1/nios2eds/bin/gnu/H-i686-pc-linux-gnu/bin/../lib/gcc/nios2-elf/4.1.2/mno-hw-mul/libgcc.a(_si_to_df.o)
 .bss           0x0008fe78        0x0 /opt/altera/altera12.1/nios2eds/bin/gnu/H-i686-pc-linux-gnu/bin/../lib/gcc/nios2-elf/4.1.2/mno-hw-mul/libgcc.a(_df_to_si.o)
 .bss           0x0008fe78        0x0 /opt/altera/altera12.1/nios2eds/bin/gnu/H-i686-pc-linux-gnu/bin/../lib/gcc/nios2-elf/4.1.2/mno-hw-mul/libgcc.a(_thenan_df.o)
 .bss           0x0008fe78        0x0 /opt/altera/altera12.1/nios2eds/bin/gnu/H-i686-pc-linux-gnu/bin/../lib/gcc/nios2-elf/4.1.2/mno-hw-mul/libgcc.a(_usi_to_df.o)
 .bss           0x0008fe78        0x0 /opt/altera/altera12.1/nios2eds/bin/gnu/H-i686-pc-linux-gnu/bin/../lib/gcc/nios2-elf/4.1.2/mno-hw-mul/libgcc.a(lib2-divmod.o)
 .bss           0x0008fe78        0x0 /opt/altera/altera12.1/nios2eds/bin/gnu/H-i686-pc-linux-gnu/bin/../lib/gcc/nios2-elf/4.1.2/mno-hw-mul/libgcc.a(lib2-mul.o)
 .bss           0x0008fe78        0x0 /opt/altera/altera12.1/nios2eds/bin/gnu/H-i686-pc-linux-gnu/bin/../lib/gcc/nios2-elf/4.1.2/mno-hw-mul/libgcc.a(_muldi3.o)
 .bss           0x0008fe78        0x0 /opt/altera/altera12.1/nios2eds/bin/gnu/H-i686-pc-linux-gnu/bin/../lib/gcc/nios2-elf/4.1.2/mno-hw-mul/libgcc.a(_clz.o)
 .bss           0x0008fe78        0x0 /opt/altera/altera12.1/nios2eds/bin/gnu/H-i686-pc-linux-gnu/bin/../lib/gcc/nios2-elf/4.1.2/mno-hw-mul/libgcc.a(_clzsi2.o)
 .bss           0x0008fe78        0x0 /opt/altera/altera12.1/nios2eds/bin/gnu/H-i686-pc-linux-gnu/bin/../lib/gcc/nios2-elf/4.1.2/mno-hw-mul/libgcc.a(_pack_df.o)
 .bss           0x0008fe78        0x0 /opt/altera/altera12.1/nios2eds/bin/gnu/H-i686-pc-linux-gnu/bin/../lib/gcc/nios2-elf/4.1.2/mno-hw-mul/libgcc.a(_unpack_df.o)
 .bss           0x0008fe78        0x0 /opt/altera/altera12.1/nios2eds/bin/gnu/H-i686-pc-linux-gnu/bin/../lib/gcc/nios2-elf/4.1.2/mno-hw-mul/libgcc.a(_fpcmp_parts_df.o)
 .bss           0x0008fe78        0x0 ../snake_software_bsp//libhal_bsp.a(alt_close.o)
 .bss           0x0008fe78        0x0 ../snake_software_bsp//libhal_bsp.a(alt_dev.o)
 .bss           0x0008fe78        0x0 ../snake_software_bsp//libhal_bsp.a(alt_errno.o)
 .bss           0x0008fe78        0x0 ../snake_software_bsp//libhal_bsp.a(alt_fstat.o)
 .bss           0x0008fe78        0x0 ../snake_software_bsp//libhal_bsp.a(alt_isatty.o)
 .bss           0x0008fe78        0x0 ../snake_software_bsp//libhal_bsp.a(alt_load.o)
 .bss           0x0008fe78        0x0 ../snake_software_bsp//libhal_bsp.a(alt_lseek.o)
 .bss           0x0008fe78        0x0 ../snake_software_bsp//libhal_bsp.a(alt_main.o)
 .bss           0x0008fe78        0x0 ../snake_software_bsp//libhal_bsp.a(alt_malloc_lock.o)
 .bss           0x0008fe78        0x0 ../snake_software_bsp//libhal_bsp.a(alt_read.o)
 .bss           0x0008fe78        0x0 ../snake_software_bsp//libhal_bsp.a(alt_release_fd.o)
 .bss           0x0008fe78        0x0 ../snake_software_bsp//libhal_bsp.a(alt_sbrk.o)
 .bss           0x0008fe78        0x0 ../snake_software_bsp//libhal_bsp.a(alt_write.o)
 .bss           0x0008fe78        0x0 ../snake_software_bsp//libhal_bsp.a(alt_sys_init.o)
 .bss           0x0008fe78        0x0 ../snake_software_bsp//libhal_bsp.a(altera_avalon_jtag_uart_fd.o)
 .bss           0x0008fe78        0x0 ../snake_software_bsp//libhal_bsp.a(altera_avalon_jtag_uart_init.o)
 .bss           0x0008fe78        0x0 ../snake_software_bsp//libhal_bsp.a(altera_avalon_jtag_uart_ioctl.o)
 .bss           0x0008fe78        0x0 ../snake_software_bsp//libhal_bsp.a(altera_avalon_jtag_uart_read.o)
 .bss           0x0008fe78        0x0 ../snake_software_bsp//libhal_bsp.a(altera_avalon_jtag_uart_write.o)
 .bss           0x0008fe78        0x0 ../snake_software_bsp//libhal_bsp.a(alt_alarm_start.o)
 .bss           0x0008fe78        0x0 ../snake_software_bsp//libhal_bsp.a(alt_dcache_flush_all.o)
 .bss           0x0008fe78        0x0 ../snake_software_bsp//libhal_bsp.a(alt_dev_llist_insert.o)
 .bss           0x0008fe78        0x0 ../snake_software_bsp//libhal_bsp.a(alt_do_ctors.o)
 .bss           0x0008fe78        0x0 ../snake_software_bsp//libhal_bsp.a(alt_do_dtors.o)
 .bss           0x0008fe78        0x0 ../snake_software_bsp//libhal_bsp.a(alt_icache_flush_all.o)
 .bss           0x0008fe78        0x0 ../snake_software_bsp//libhal_bsp.a(alt_iic.o)
 .bss           0x0008fe78        0x0 ../snake_software_bsp//libhal_bsp.a(alt_iic_isr_register.o)
 .bss           0x0008fe78        0x0 ../snake_software_bsp//libhal_bsp.a(alt_io_redirect.o)
 .bss           0x0008fe78        0x0 ../snake_software_bsp//libhal_bsp.a(alt_irq_entry.o)
 .bss           0x0008fe78        0x0 ../snake_software_bsp//libhal_bsp.a(alt_irq_handler.o)
 .bss           0x0008fe78        0x0 ../snake_software_bsp//libhal_bsp.a(alt_irq_vars.o)
 .bss           0x0008fe78        0x0 ../snake_software_bsp//libhal_bsp.a(alt_open.o)
 .bss           0x0008fe78        0x0 ../snake_software_bsp//libhal_bsp.a(alt_tick.o)
 .bss           0x0008fe78        0x0 ../snake_software_bsp//libhal_bsp.a(altera_nios2_irq.o)
 .bss           0x0008fe78        0x0 ../snake_software_bsp//libhal_bsp.a(alt_exception_entry.o)
 .bss           0x0008fe78        0x0 ../snake_software_bsp//libhal_bsp.a(alt_find_dev.o)
 .bss           0x0008fe78        0x0 ../snake_software_bsp//libhal_bsp.a(alt_find_file.o)
 .bss           0x0008fe78        0x0 ../snake_software_bsp//libhal_bsp.a(alt_get_fd.o)
 .bss           0x0008fe78        0x0 /opt/altera/altera12.1/nios2eds/bin/gnu/H-i686-pc-linux-gnu/bin/../lib/gcc/nios2-elf/4.1.2/../../../../nios2-elf/lib/mno-hw-mul/libc.a(lib_a-atexit.o)
 .bss           0x0008fe78        0x0 /opt/altera/altera12.1/nios2eds/bin/gnu/H-i686-pc-linux-gnu/bin/../lib/gcc/nios2-elf/4.1.2/../../../../nios2-elf/lib/mno-hw-mul/libc.a(lib_a-exit.o)
 .bss           0x0008fe78        0x0 /opt/altera/altera12.1/nios2eds/bin/gnu/H-i686-pc-linux-gnu/bin/../lib/gcc/nios2-elf/4.1.2/../../../../nios2-elf/lib/mno-hw-mul/libc.a(lib_a-memcmp.o)
 .bss           0x0008fe78        0x0 /opt/altera/altera12.1/nios2eds/bin/gnu/H-i686-pc-linux-gnu/bin/../lib/gcc/nios2-elf/4.1.2/../../../../nios2-elf/lib/mno-hw-mul/libc.a(lib_a-__atexit.o)
 .bss           0x0008fe78        0x0 /opt/altera/altera12.1/nios2eds/bin/gnu/H-i686-pc-linux-gnu/bin/../lib/gcc/nios2-elf/4.1.2/../../../../nios2-elf/lib/mno-hw-mul/libc.a(lib_a-__call_atexit.o)
 .bss           0x0008fe78        0x0 ../snake_software_bsp//libhal_bsp.a(alt_exit.o)
 *(COMMON)
 COMMON         0x0008fe78      0x100 ../snake_software_bsp//libhal_bsp.a(alt_irq_handler.o)
                0x0008fe78                alt_irq
 COMMON         0x0008ff78      0x190 /opt/altera/altera12.1/nios2eds/bin/gnu/H-i686-pc-linux-gnu/bin/../lib/gcc/nios2-elf/4.1.2/../../../../nios2-elf/lib/mno-hw-mul/libc.a(lib_a-atexit.o)
                0x0008ff78                _atexit0
                0x00090108                . = ALIGN (0x4)
                0x00090108                __bss_end = ABSOLUTE (.)

.sram           0x00090108        0x0
                0x00090108                PROVIDE (_alt_partition_sram_start, ABSOLUTE (.))
 *(.sram. sram.*)
                0x00090108                . = ALIGN (0x4)
                0x00090108                PROVIDE (_alt_partition_sram_end, ABSOLUTE (.))
                0x00090108                _end = ABSOLUTE (.)
                0x00090108                end = ABSOLUTE (.)
                0x00090108                __alt_stack_base = ABSOLUTE (.)
                0x00090108                PROVIDE (_alt_partition_sram_load_addr, LOADADDR (.sram))

.stab
 *(.stab)

.stabstr
 *(.stabstr)

.stab.excl
 *(.stab.excl)

.stab.exclstr
 *(.stab.exclstr)

.stab.index
 *(.stab.index)

.stab.indexstr
 *(.stab.indexstr)

.comment        0x00000000       0x23
 *(.comment)
 .comment       0x00000000       0x23 obj/default/PS2.o
                                 0x24 (size before relaxing)
 .comment       0x00000000       0x24 obj/default/hello_world.o
 .comment       0x00000000       0x24 /opt/altera/altera12.1/nios2eds/bin/gnu/H-i686-pc-linux-gnu/bin/../lib/gcc/nios2-elf/4.1.2/../../../../nios2-elf/lib/mno-hw-mul/libc.a(lib_a-printf.o)
 .comment       0x00000000       0x24 /opt/altera/altera12.1/nios2eds/bin/gnu/H-i686-pc-linux-gnu/bin/../lib/gcc/nios2-elf/4.1.2/../../../../nios2-elf/lib/mno-hw-mul/libc.a(lib_a-puts.o)
 .comment       0x00000000       0x24 /opt/altera/altera12.1/nios2eds/bin/gnu/H-i686-pc-linux-gnu/bin/../lib/gcc/nios2-elf/4.1.2/../../../../nios2-elf/lib/mno-hw-mul/libc.a(lib_a-strlen.o)
 .comment       0x00000000       0x24 /opt/altera/altera12.1/nios2eds/bin/gnu/H-i686-pc-linux-gnu/bin/../lib/gcc/nios2-elf/4.1.2/../../../../nios2-elf/lib/mno-hw-mul/libc.a(lib_a-vfprintf.o)
 .comment       0x00000000       0x24 /opt/altera/altera12.1/nios2eds/bin/gnu/H-i686-pc-linux-gnu/bin/../lib/gcc/nios2-elf/4.1.2/../../../../nios2-elf/lib/mno-hw-mul/libc.a(lib_a-wsetup.o)
 .comment       0x00000000       0x24 /opt/altera/altera12.1/nios2eds/bin/gnu/H-i686-pc-linux-gnu/bin/../lib/gcc/nios2-elf/4.1.2/../../../../nios2-elf/lib/mno-hw-mul/libc.a(lib_a-dtoa.o)
 .comment       0x00000000       0x24 /opt/altera/altera12.1/nios2eds/bin/gnu/H-i686-pc-linux-gnu/bin/../lib/gcc/nios2-elf/4.1.2/../../../../nios2-elf/lib/mno-hw-mul/libc.a(lib_a-fflush.o)
 .comment       0x00000000       0x24 /opt/altera/altera12.1/nios2eds/bin/gnu/H-i686-pc-linux-gnu/bin/../lib/gcc/nios2-elf/4.1.2/../../../../nios2-elf/lib/mno-hw-mul/libc.a(lib_a-findfp.o)
 .comment       0x00000000       0x24 /opt/altera/altera12.1/nios2eds/bin/gnu/H-i686-pc-linux-gnu/bin/../lib/gcc/nios2-elf/4.1.2/../../../../nios2-elf/lib/mno-hw-mul/libc.a(lib_a-freer.o)
 .comment       0x00000000       0x24 /opt/altera/altera12.1/nios2eds/bin/gnu/H-i686-pc-linux-gnu/bin/../lib/gcc/nios2-elf/4.1.2/../../../../nios2-elf/lib/mno-hw-mul/libc.a(lib_a-fvwrite.o)
 .comment       0x00000000       0x24 /opt/altera/altera12.1/nios2eds/bin/gnu/H-i686-pc-linux-gnu/bin/../lib/gcc/nios2-elf/4.1.2/../../../../nios2-elf/lib/mno-hw-mul/libc.a(lib_a-fwalk.o)
 .comment       0x00000000       0x24 /opt/altera/altera12.1/nios2eds/bin/gnu/H-i686-pc-linux-gnu/bin/../lib/gcc/nios2-elf/4.1.2/../../../../nios2-elf/lib/mno-hw-mul/libc.a(lib_a-impure.o)
 .comment       0x00000000       0x24 /opt/altera/altera12.1/nios2eds/bin/gnu/H-i686-pc-linux-gnu/bin/../lib/gcc/nios2-elf/4.1.2/../../../../nios2-elf/lib/mno-hw-mul/libc.a(lib_a-locale.o)
 .comment       0x00000000       0x24 /opt/altera/altera12.1/nios2eds/bin/gnu/H-i686-pc-linux-gnu/bin/../lib/gcc/nios2-elf/4.1.2/../../../../nios2-elf/lib/mno-hw-mul/libc.a(lib_a-makebuf.o)
 .comment       0x00000000       0x24 /opt/altera/altera12.1/nios2eds/bin/gnu/H-i686-pc-linux-gnu/bin/../lib/gcc/nios2-elf/4.1.2/../../../../nios2-elf/lib/mno-hw-mul/libc.a(lib_a-mallocr.o)
 .comment       0x00000000       0x24 /opt/altera/altera12.1/nios2eds/bin/gnu/H-i686-pc-linux-gnu/bin/../lib/gcc/nios2-elf/4.1.2/../../../../nios2-elf/lib/mno-hw-mul/libc.a(lib_a-memchr.o)
 .comment       0x00000000       0x24 /opt/altera/altera12.1/nios2eds/bin/gnu/H-i686-pc-linux-gnu/bin/../lib/gcc/nios2-elf/4.1.2/../../../../nios2-elf/lib/mno-hw-mul/libc.a(lib_a-memcpy.o)
 .comment       0x00000000       0x24 /opt/altera/altera12.1/nios2eds/bin/gnu/H-i686-pc-linux-gnu/bin/../lib/gcc/nios2-elf/4.1.2/../../../../nios2-elf/lib/mno-hw-mul/libc.a(lib_a-memmove.o)
 .comment       0x00000000       0x24 /opt/altera/altera12.1/nios2eds/bin/gnu/H-i686-pc-linux-gnu/bin/../lib/gcc/nios2-elf/4.1.2/../../../../nios2-elf/lib/mno-hw-mul/libc.a(lib_a-memset.o)
 .comment       0x00000000       0x24 /opt/altera/altera12.1/nios2eds/bin/gnu/H-i686-pc-linux-gnu/bin/../lib/gcc/nios2-elf/4.1.2/../../../../nios2-elf/lib/mno-hw-mul/libc.a(lib_a-mprec.o)
 .comment       0x00000000       0x24 /opt/altera/altera12.1/nios2eds/bin/gnu/H-i686-pc-linux-gnu/bin/../lib/gcc/nios2-elf/4.1.2/../../../../nios2-elf/lib/mno-hw-mul/libc.a(lib_a-reallocr.o)
 .comment       0x00000000       0x24 /opt/altera/altera12.1/nios2eds/bin/gnu/H-i686-pc-linux-gnu/bin/../lib/gcc/nios2-elf/4.1.2/../../../../nios2-elf/lib/mno-hw-mul/libc.a(lib_a-s_isinfd.o)
 .comment       0x00000000       0x24 /opt/altera/altera12.1/nios2eds/bin/gnu/H-i686-pc-linux-gnu/bin/../lib/gcc/nios2-elf/4.1.2/../../../../nios2-elf/lib/mno-hw-mul/libc.a(lib_a-s_isnand.o)
 .comment       0x00000000       0x24 /opt/altera/altera12.1/nios2eds/bin/gnu/H-i686-pc-linux-gnu/bin/../lib/gcc/nios2-elf/4.1.2/../../../../nios2-elf/lib/mno-hw-mul/libc.a(lib_a-sbrkr.o)
 .comment       0x00000000       0x24 /opt/altera/altera12.1/nios2eds/bin/gnu/H-i686-pc-linux-gnu/bin/../lib/gcc/nios2-elf/4.1.2/../../../../nios2-elf/lib/mno-hw-mul/libc.a(lib_a-stdio.o)
 .comment       0x00000000       0x24 /opt/altera/altera12.1/nios2eds/bin/gnu/H-i686-pc-linux-gnu/bin/../lib/gcc/nios2-elf/4.1.2/../../../../nios2-elf/lib/mno-hw-mul/libc.a(lib_a-strcmp.o)
 .comment       0x00000000       0x24 /opt/altera/altera12.1/nios2eds/bin/gnu/H-i686-pc-linux-gnu/bin/../lib/gcc/nios2-elf/4.1.2/../../../../nios2-elf/lib/mno-hw-mul/libc.a(lib_a-writer.o)
 .comment       0x00000000       0x24 /opt/altera/altera12.1/nios2eds/bin/gnu/H-i686-pc-linux-gnu/bin/../lib/gcc/nios2-elf/4.1.2/../../../../nios2-elf/lib/mno-hw-mul/libc.a(lib_a-callocr.o)
 .comment       0x00000000       0x24 /opt/altera/altera12.1/nios2eds/bin/gnu/H-i686-pc-linux-gnu/bin/../lib/gcc/nios2-elf/4.1.2/../../../../nios2-elf/lib/mno-hw-mul/libc.a(lib_a-closer.o)
 .comment       0x00000000       0x24 /opt/altera/altera12.1/nios2eds/bin/gnu/H-i686-pc-linux-gnu/bin/../lib/gcc/nios2-elf/4.1.2/../../../../nios2-elf/lib/mno-hw-mul/libc.a(lib_a-fclose.o)
 .comment       0x00000000       0x24 /opt/altera/altera12.1/nios2eds/bin/gnu/H-i686-pc-linux-gnu/bin/../lib/gcc/nios2-elf/4.1.2/../../../../nios2-elf/lib/mno-hw-mul/libc.a(lib_a-fstatr.o)
 .comment       0x00000000       0x24 /opt/altera/altera12.1/nios2eds/bin/gnu/H-i686-pc-linux-gnu/bin/../lib/gcc/nios2-elf/4.1.2/../../../../nios2-elf/lib/mno-hw-mul/libc.a(lib_a-int_errno.o)
 .comment       0x00000000       0x24 /opt/altera/altera12.1/nios2eds/bin/gnu/H-i686-pc-linux-gnu/bin/../lib/gcc/nios2-elf/4.1.2/../../../../nios2-elf/lib/mno-hw-mul/libc.a(lib_a-isattyr.o)
 .comment       0x00000000       0x24 /opt/altera/altera12.1/nios2eds/bin/gnu/H-i686-pc-linux-gnu/bin/../lib/gcc/nios2-elf/4.1.2/../../../../nios2-elf/lib/mno-hw-mul/libc.a(lib_a-lseekr.o)
 .comment       0x00000000       0x24 /opt/altera/altera12.1/nios2eds/bin/gnu/H-i686-pc-linux-gnu/bin/../lib/gcc/nios2-elf/4.1.2/../../../../nios2-elf/lib/mno-hw-mul/libc.a(lib_a-readr.o)
 .comment       0x00000000       0x24 /opt/altera/altera12.1/nios2eds/bin/gnu/H-i686-pc-linux-gnu/bin/../lib/gcc/nios2-elf/4.1.2/mno-hw-mul/libgcc.a(_udivdi3.o)
 .comment       0x00000000       0x24 /opt/altera/altera12.1/nios2eds/bin/gnu/H-i686-pc-linux-gnu/bin/../lib/gcc/nios2-elf/4.1.2/mno-hw-mul/libgcc.a(_umoddi3.o)
 .comment       0x00000000       0x24 /opt/altera/altera12.1/nios2eds/bin/gnu/H-i686-pc-linux-gnu/bin/../lib/gcc/nios2-elf/4.1.2/mno-hw-mul/libgcc.a(_addsub_df.o)
 .comment       0x00000000       0x24 /opt/altera/altera12.1/nios2eds/bin/gnu/H-i686-pc-linux-gnu/bin/../lib/gcc/nios2-elf/4.1.2/mno-hw-mul/libgcc.a(_mul_df.o)
 .comment       0x00000000       0x24 /opt/altera/altera12.1/nios2eds/bin/gnu/H-i686-pc-linux-gnu/bin/../lib/gcc/nios2-elf/4.1.2/mno-hw-mul/libgcc.a(_div_df.o)
 .comment       0x00000000       0x24 /opt/altera/altera12.1/nios2eds/bin/gnu/H-i686-pc-linux-gnu/bin/../lib/gcc/nios2-elf/4.1.2/mno-hw-mul/libgcc.a(_eq_df.o)
 .comment       0x00000000       0x24 /opt/altera/altera12.1/nios2eds/bin/gnu/H-i686-pc-linux-gnu/bin/../lib/gcc/nios2-elf/4.1.2/mno-hw-mul/libgcc.a(_ne_df.o)
 .comment       0x00000000       0x24 /opt/altera/altera12.1/nios2eds/bin/gnu/H-i686-pc-linux-gnu/bin/../lib/gcc/nios2-elf/4.1.2/mno-hw-mul/libgcc.a(_gt_df.o)
 .comment       0x00000000       0x24 /opt/altera/altera12.1/nios2eds/bin/gnu/H-i686-pc-linux-gnu/bin/../lib/gcc/nios2-elf/4.1.2/mno-hw-mul/libgcc.a(_ge_df.o)
 .comment       0x00000000       0x24 /opt/altera/altera12.1/nios2eds/bin/gnu/H-i686-pc-linux-gnu/bin/../lib/gcc/nios2-elf/4.1.2/mno-hw-mul/libgcc.a(_lt_df.o)
 .comment       0x00000000       0x24 /opt/altera/altera12.1/nios2eds/bin/gnu/H-i686-pc-linux-gnu/bin/../lib/gcc/nios2-elf/4.1.2/mno-hw-mul/libgcc.a(_si_to_df.o)
 .comment       0x00000000       0x24 /opt/altera/altera12.1/nios2eds/bin/gnu/H-i686-pc-linux-gnu/bin/../lib/gcc/nios2-elf/4.1.2/mno-hw-mul/libgcc.a(_df_to_si.o)
 .comment       0x00000000       0x24 /opt/altera/altera12.1/nios2eds/bin/gnu/H-i686-pc-linux-gnu/bin/../lib/gcc/nios2-elf/4.1.2/mno-hw-mul/libgcc.a(_thenan_df.o)
 .comment       0x00000000       0x24 /opt/altera/altera12.1/nios2eds/bin/gnu/H-i686-pc-linux-gnu/bin/../lib/gcc/nios2-elf/4.1.2/mno-hw-mul/libgcc.a(_usi_to_df.o)
 .comment       0x00000000       0x24 /opt/altera/altera12.1/nios2eds/bin/gnu/H-i686-pc-linux-gnu/bin/../lib/gcc/nios2-elf/4.1.2/mno-hw-mul/libgcc.a(lib2-divmod.o)
 .comment       0x00000000       0x24 /opt/altera/altera12.1/nios2eds/bin/gnu/H-i686-pc-linux-gnu/bin/../lib/gcc/nios2-elf/4.1.2/mno-hw-mul/libgcc.a(lib2-mul.o)
 .comment       0x00000000       0x24 /opt/altera/altera12.1/nios2eds/bin/gnu/H-i686-pc-linux-gnu/bin/../lib/gcc/nios2-elf/4.1.2/mno-hw-mul/libgcc.a(_muldi3.o)
 .comment       0x00000000       0x24 /opt/altera/altera12.1/nios2eds/bin/gnu/H-i686-pc-linux-gnu/bin/../lib/gcc/nios2-elf/4.1.2/mno-hw-mul/libgcc.a(_clz.o)
 .comment       0x00000000       0x24 /opt/altera/altera12.1/nios2eds/bin/gnu/H-i686-pc-linux-gnu/bin/../lib/gcc/nios2-elf/4.1.2/mno-hw-mul/libgcc.a(_clzsi2.o)
 .comment       0x00000000       0x24 /opt/altera/altera12.1/nios2eds/bin/gnu/H-i686-pc-linux-gnu/bin/../lib/gcc/nios2-elf/4.1.2/mno-hw-mul/libgcc.a(_pack_df.o)
 .comment       0x00000000       0x24 /opt/altera/altera12.1/nios2eds/bin/gnu/H-i686-pc-linux-gnu/bin/../lib/gcc/nios2-elf/4.1.2/mno-hw-mul/libgcc.a(_unpack_df.o)
 .comment       0x00000000       0x24 /opt/altera/altera12.1/nios2eds/bin/gnu/H-i686-pc-linux-gnu/bin/../lib/gcc/nios2-elf/4.1.2/mno-hw-mul/libgcc.a(_fpcmp_parts_df.o)
 .comment       0x00000000       0x24 ../snake_software_bsp//libhal_bsp.a(alt_close.o)
 .comment       0x00000000       0x24 ../snake_software_bsp//libhal_bsp.a(alt_dev.o)
 .comment       0x00000000       0x24 ../snake_software_bsp//libhal_bsp.a(alt_errno.o)
 .comment       0x00000000       0x24 ../snake_software_bsp//libhal_bsp.a(alt_fstat.o)
 .comment       0x00000000       0x24 ../snake_software_bsp//libhal_bsp.a(alt_isatty.o)
 .comment       0x00000000       0x24 ../snake_software_bsp//libhal_bsp.a(alt_load.o)
 .comment       0x00000000       0x24 ../snake_software_bsp//libhal_bsp.a(alt_lseek.o)
 .comment       0x00000000       0x24 ../snake_software_bsp//libhal_bsp.a(alt_main.o)
 .comment       0x00000000       0x24 ../snake_software_bsp//libhal_bsp.a(alt_malloc_lock.o)
 .comment       0x00000000       0x24 ../snake_software_bsp//libhal_bsp.a(alt_read.o)
 .comment       0x00000000       0x24 ../snake_software_bsp//libhal_bsp.a(alt_release_fd.o)
 .comment       0x00000000       0x24 ../snake_software_bsp//libhal_bsp.a(alt_sbrk.o)
 .comment       0x00000000       0x24 ../snake_software_bsp//libhal_bsp.a(alt_write.o)
 .comment       0x00000000       0x24 ../snake_software_bsp//libhal_bsp.a(alt_sys_init.o)
 .comment       0x00000000       0x24 ../snake_software_bsp//libhal_bsp.a(altera_avalon_jtag_uart_fd.o)
 .comment       0x00000000       0x24 ../snake_software_bsp//libhal_bsp.a(altera_avalon_jtag_uart_init.o)
 .comment       0x00000000       0x24 ../snake_software_bsp//libhal_bsp.a(altera_avalon_jtag_uart_ioctl.o)
 .comment       0x00000000       0x24 ../snake_software_bsp//libhal_bsp.a(altera_avalon_jtag_uart_read.o)
 .comment       0x00000000       0x24 ../snake_software_bsp//libhal_bsp.a(altera_avalon_jtag_uart_write.o)
 .comment       0x00000000       0x24 ../snake_software_bsp//libhal_bsp.a(alt_alarm_start.o)
 .comment       0x00000000       0x24 ../snake_software_bsp//libhal_bsp.a(alt_dcache_flush_all.o)
 .comment       0x00000000       0x24 ../snake_software_bsp//libhal_bsp.a(alt_dev_llist_insert.o)
 .comment       0x00000000       0x24 ../snake_software_bsp//libhal_bsp.a(alt_do_ctors.o)
 .comment       0x00000000       0x24 ../snake_software_bsp//libhal_bsp.a(alt_do_dtors.o)
 .comment       0x00000000       0x24 ../snake_software_bsp//libhal_bsp.a(alt_icache_flush_all.o)
 .comment       0x00000000       0x24 ../snake_software_bsp//libhal_bsp.a(alt_iic.o)
 .comment       0x00000000       0x24 ../snake_software_bsp//libhal_bsp.a(alt_iic_isr_register.o)
 .comment       0x00000000       0x24 ../snake_software_bsp//libhal_bsp.a(alt_io_redirect.o)
 .comment       0x00000000       0x24 ../snake_software_bsp//libhal_bsp.a(alt_irq_handler.o)
 .comment       0x00000000       0x24 ../snake_software_bsp//libhal_bsp.a(alt_irq_vars.o)
 .comment       0x00000000       0x24 ../snake_software_bsp//libhal_bsp.a(alt_open.o)
 .comment       0x00000000       0x24 ../snake_software_bsp//libhal_bsp.a(alt_tick.o)
 .comment       0x00000000       0x24 ../snake_software_bsp//libhal_bsp.a(altera_nios2_irq.o)
 .comment       0x00000000       0x24 ../snake_software_bsp//libhal_bsp.a(alt_find_dev.o)
 .comment       0x00000000       0x24 ../snake_software_bsp//libhal_bsp.a(alt_find_file.o)
 .comment       0x00000000       0x24 ../snake_software_bsp//libhal_bsp.a(alt_get_fd.o)
 .comment       0x00000000       0x24 /opt/altera/altera12.1/nios2eds/bin/gnu/H-i686-pc-linux-gnu/bin/../lib/gcc/nios2-elf/4.1.2/../../../../nios2-elf/lib/mno-hw-mul/libc.a(lib_a-atexit.o)
 .comment       0x00000000       0x24 /opt/altera/altera12.1/nios2eds/bin/gnu/H-i686-pc-linux-gnu/bin/../lib/gcc/nios2-elf/4.1.2/../../../../nios2-elf/lib/mno-hw-mul/libc.a(lib_a-exit.o)
 .comment       0x00000000       0x24 /opt/altera/altera12.1/nios2eds/bin/gnu/H-i686-pc-linux-gnu/bin/../lib/gcc/nios2-elf/4.1.2/../../../../nios2-elf/lib/mno-hw-mul/libc.a(lib_a-memcmp.o)
 .comment       0x00000000       0x24 /opt/altera/altera12.1/nios2eds/bin/gnu/H-i686-pc-linux-gnu/bin/../lib/gcc/nios2-elf/4.1.2/../../../../nios2-elf/lib/mno-hw-mul/libc.a(lib_a-__atexit.o)
 .comment       0x00000000       0x24 /opt/altera/altera12.1/nios2eds/bin/gnu/H-i686-pc-linux-gnu/bin/../lib/gcc/nios2-elf/4.1.2/../../../../nios2-elf/lib/mno-hw-mul/libc.a(lib_a-__call_atexit.o)
 .comment       0x00000000       0x24 ../snake_software_bsp//libhal_bsp.a(alt_exit.o)

.debug
 *(.debug)

.line
 *(.line)

.debug_srcinfo
 *(.debug_srcinfo)

.debug_sfnames
 *(.debug_sfnames)

.debug_aranges  0x00000000      0xc78
 *(.debug_aranges)
 .debug_aranges
                0x00000000       0x28 ../snake_software_bsp//obj/HAL/src/crt0.o
 .debug_aranges
                0x00000028       0x20 obj/default/PS2.o
 .debug_aranges
                0x00000048       0x20 obj/default/hello_world.o
 .debug_aranges
                0x00000068       0x20 /opt/altera/altera12.1/nios2eds/bin/gnu/H-i686-pc-linux-gnu/bin/../lib/gcc/nios2-elf/4.1.2/../../../../nios2-elf/lib/mno-hw-mul/libc.a(lib_a-printf.o)
 .debug_aranges
                0x00000088       0x20 /opt/altera/altera12.1/nios2eds/bin/gnu/H-i686-pc-linux-gnu/bin/../lib/gcc/nios2-elf/4.1.2/../../../../nios2-elf/lib/mno-hw-mul/libc.a(lib_a-puts.o)
 .debug_aranges
                0x000000a8       0x20 /opt/altera/altera12.1/nios2eds/bin/gnu/H-i686-pc-linux-gnu/bin/../lib/gcc/nios2-elf/4.1.2/../../../../nios2-elf/lib/mno-hw-mul/libc.a(lib_a-strlen.o)
 .debug_aranges
                0x000000c8       0x20 /opt/altera/altera12.1/nios2eds/bin/gnu/H-i686-pc-linux-gnu/bin/../lib/gcc/nios2-elf/4.1.2/../../../../nios2-elf/lib/mno-hw-mul/libc.a(lib_a-vfprintf.o)
 .debug_aranges
                0x000000e8       0x20 /opt/altera/altera12.1/nios2eds/bin/gnu/H-i686-pc-linux-gnu/bin/../lib/gcc/nios2-elf/4.1.2/../../../../nios2-elf/lib/mno-hw-mul/libc.a(lib_a-wsetup.o)
 .debug_aranges
                0x00000108       0x20 /opt/altera/altera12.1/nios2eds/bin/gnu/H-i686-pc-linux-gnu/bin/../lib/gcc/nios2-elf/4.1.2/../../../../nios2-elf/lib/mno-hw-mul/libc.a(lib_a-dtoa.o)
 .debug_aranges
                0x00000128       0x20 /opt/altera/altera12.1/nios2eds/bin/gnu/H-i686-pc-linux-gnu/bin/../lib/gcc/nios2-elf/4.1.2/../../../../nios2-elf/lib/mno-hw-mul/libc.a(lib_a-fflush.o)
 .debug_aranges
                0x00000148       0x20 /opt/altera/altera12.1/nios2eds/bin/gnu/H-i686-pc-linux-gnu/bin/../lib/gcc/nios2-elf/4.1.2/../../../../nios2-elf/lib/mno-hw-mul/libc.a(lib_a-findfp.o)
 .debug_aranges
                0x00000168       0x20 /opt/altera/altera12.1/nios2eds/bin/gnu/H-i686-pc-linux-gnu/bin/../lib/gcc/nios2-elf/4.1.2/../../../../nios2-elf/lib/mno-hw-mul/libc.a(lib_a-freer.o)
 .debug_aranges
                0x00000188       0x20 /opt/altera/altera12.1/nios2eds/bin/gnu/H-i686-pc-linux-gnu/bin/../lib/gcc/nios2-elf/4.1.2/../../../../nios2-elf/lib/mno-hw-mul/libc.a(lib_a-fvwrite.o)
 .debug_aranges
                0x000001a8       0x20 /opt/altera/altera12.1/nios2eds/bin/gnu/H-i686-pc-linux-gnu/bin/../lib/gcc/nios2-elf/4.1.2/../../../../nios2-elf/lib/mno-hw-mul/libc.a(lib_a-fwalk.o)
 .debug_aranges
                0x000001c8       0x20 /opt/altera/altera12.1/nios2eds/bin/gnu/H-i686-pc-linux-gnu/bin/../lib/gcc/nios2-elf/4.1.2/../../../../nios2-elf/lib/mno-hw-mul/libc.a(lib_a-locale.o)
 .debug_aranges
                0x000001e8       0x20 /opt/altera/altera12.1/nios2eds/bin/gnu/H-i686-pc-linux-gnu/bin/../lib/gcc/nios2-elf/4.1.2/../../../../nios2-elf/lib/mno-hw-mul/libc.a(lib_a-makebuf.o)
 .debug_aranges
                0x00000208       0x20 /opt/altera/altera12.1/nios2eds/bin/gnu/H-i686-pc-linux-gnu/bin/../lib/gcc/nios2-elf/4.1.2/../../../../nios2-elf/lib/mno-hw-mul/libc.a(lib_a-mallocr.o)
 .debug_aranges
                0x00000228       0x20 /opt/altera/altera12.1/nios2eds/bin/gnu/H-i686-pc-linux-gnu/bin/../lib/gcc/nios2-elf/4.1.2/../../../../nios2-elf/lib/mno-hw-mul/libc.a(lib_a-memchr.o)
 .debug_aranges
                0x00000248       0x20 /opt/altera/altera12.1/nios2eds/bin/gnu/H-i686-pc-linux-gnu/bin/../lib/gcc/nios2-elf/4.1.2/../../../../nios2-elf/lib/mno-hw-mul/libc.a(lib_a-memcpy.o)
 .debug_aranges
                0x00000268       0x20 /opt/altera/altera12.1/nios2eds/bin/gnu/H-i686-pc-linux-gnu/bin/../lib/gcc/nios2-elf/4.1.2/../../../../nios2-elf/lib/mno-hw-mul/libc.a(lib_a-memmove.o)
 .debug_aranges
                0x00000288       0x20 /opt/altera/altera12.1/nios2eds/bin/gnu/H-i686-pc-linux-gnu/bin/../lib/gcc/nios2-elf/4.1.2/../../../../nios2-elf/lib/mno-hw-mul/libc.a(lib_a-memset.o)
 .debug_aranges
                0x000002a8       0x20 /opt/altera/altera12.1/nios2eds/bin/gnu/H-i686-pc-linux-gnu/bin/../lib/gcc/nios2-elf/4.1.2/../../../../nios2-elf/lib/mno-hw-mul/libc.a(lib_a-mprec.o)
 .debug_aranges
                0x000002c8       0x20 /opt/altera/altera12.1/nios2eds/bin/gnu/H-i686-pc-linux-gnu/bin/../lib/gcc/nios2-elf/4.1.2/../../../../nios2-elf/lib/mno-hw-mul/libc.a(lib_a-reallocr.o)
 .debug_aranges
                0x000002e8       0x20 /opt/altera/altera12.1/nios2eds/bin/gnu/H-i686-pc-linux-gnu/bin/../lib/gcc/nios2-elf/4.1.2/../../../../nios2-elf/lib/mno-hw-mul/libc.a(lib_a-s_isinfd.o)
 .debug_aranges
                0x00000308       0x20 /opt/altera/altera12.1/nios2eds/bin/gnu/H-i686-pc-linux-gnu/bin/../lib/gcc/nios2-elf/4.1.2/../../../../nios2-elf/lib/mno-hw-mul/libc.a(lib_a-s_isnand.o)
 .debug_aranges
                0x00000328       0x20 /opt/altera/altera12.1/nios2eds/bin/gnu/H-i686-pc-linux-gnu/bin/../lib/gcc/nios2-elf/4.1.2/../../../../nios2-elf/lib/mno-hw-mul/libc.a(lib_a-sbrkr.o)
 .debug_aranges
                0x00000348       0x20 /opt/altera/altera12.1/nios2eds/bin/gnu/H-i686-pc-linux-gnu/bin/../lib/gcc/nios2-elf/4.1.2/../../../../nios2-elf/lib/mno-hw-mul/libc.a(lib_a-stdio.o)
 .debug_aranges
                0x00000368       0x20 /opt/altera/altera12.1/nios2eds/bin/gnu/H-i686-pc-linux-gnu/bin/../lib/gcc/nios2-elf/4.1.2/../../../../nios2-elf/lib/mno-hw-mul/libc.a(lib_a-strcmp.o)
 .debug_aranges
                0x00000388       0x20 /opt/altera/altera12.1/nios2eds/bin/gnu/H-i686-pc-linux-gnu/bin/../lib/gcc/nios2-elf/4.1.2/../../../../nios2-elf/lib/mno-hw-mul/libc.a(lib_a-writer.o)
 .debug_aranges
                0x000003a8       0x20 /opt/altera/altera12.1/nios2eds/bin/gnu/H-i686-pc-linux-gnu/bin/../lib/gcc/nios2-elf/4.1.2/../../../../nios2-elf/lib/mno-hw-mul/libc.a(lib_a-callocr.o)
 .debug_aranges
                0x000003c8       0x20 /opt/altera/altera12.1/nios2eds/bin/gnu/H-i686-pc-linux-gnu/bin/../lib/gcc/nios2-elf/4.1.2/../../../../nios2-elf/lib/mno-hw-mul/libc.a(lib_a-closer.o)
 .debug_aranges
                0x000003e8       0x20 /opt/altera/altera12.1/nios2eds/bin/gnu/H-i686-pc-linux-gnu/bin/../lib/gcc/nios2-elf/4.1.2/../../../../nios2-elf/lib/mno-hw-mul/libc.a(lib_a-fclose.o)
 .debug_aranges
                0x00000408       0x20 /opt/altera/altera12.1/nios2eds/bin/gnu/H-i686-pc-linux-gnu/bin/../lib/gcc/nios2-elf/4.1.2/../../../../nios2-elf/lib/mno-hw-mul/libc.a(lib_a-fstatr.o)
 .debug_aranges
                0x00000428       0x20 /opt/altera/altera12.1/nios2eds/bin/gnu/H-i686-pc-linux-gnu/bin/../lib/gcc/nios2-elf/4.1.2/../../../../nios2-elf/lib/mno-hw-mul/libc.a(lib_a-isattyr.o)
 .debug_aranges
                0x00000448       0x20 /opt/altera/altera12.1/nios2eds/bin/gnu/H-i686-pc-linux-gnu/bin/../lib/gcc/nios2-elf/4.1.2/../../../../nios2-elf/lib/mno-hw-mul/libc.a(lib_a-lseekr.o)
 .debug_aranges
                0x00000468       0x20 /opt/altera/altera12.1/nios2eds/bin/gnu/H-i686-pc-linux-gnu/bin/../lib/gcc/nios2-elf/4.1.2/../../../../nios2-elf/lib/mno-hw-mul/libc.a(lib_a-readr.o)
 .debug_aranges
                0x00000488       0x20 /opt/altera/altera12.1/nios2eds/bin/gnu/H-i686-pc-linux-gnu/bin/../lib/gcc/nios2-elf/4.1.2/mno-hw-mul/libgcc.a(_udivdi3.o)
 .debug_aranges
                0x000004a8       0x20 /opt/altera/altera12.1/nios2eds/bin/gnu/H-i686-pc-linux-gnu/bin/../lib/gcc/nios2-elf/4.1.2/mno-hw-mul/libgcc.a(_umoddi3.o)
 .debug_aranges
                0x000004c8       0x20 /opt/altera/altera12.1/nios2eds/bin/gnu/H-i686-pc-linux-gnu/bin/../lib/gcc/nios2-elf/4.1.2/mno-hw-mul/libgcc.a(_addsub_df.o)
 .debug_aranges
                0x000004e8       0x20 /opt/altera/altera12.1/nios2eds/bin/gnu/H-i686-pc-linux-gnu/bin/../lib/gcc/nios2-elf/4.1.2/mno-hw-mul/libgcc.a(_mul_df.o)
 .debug_aranges
                0x00000508       0x20 /opt/altera/altera12.1/nios2eds/bin/gnu/H-i686-pc-linux-gnu/bin/../lib/gcc/nios2-elf/4.1.2/mno-hw-mul/libgcc.a(_div_df.o)
 .debug_aranges
                0x00000528       0x20 /opt/altera/altera12.1/nios2eds/bin/gnu/H-i686-pc-linux-gnu/bin/../lib/gcc/nios2-elf/4.1.2/mno-hw-mul/libgcc.a(_eq_df.o)
 .debug_aranges
                0x00000548       0x20 /opt/altera/altera12.1/nios2eds/bin/gnu/H-i686-pc-linux-gnu/bin/../lib/gcc/nios2-elf/4.1.2/mno-hw-mul/libgcc.a(_ne_df.o)
 .debug_aranges
                0x00000568       0x20 /opt/altera/altera12.1/nios2eds/bin/gnu/H-i686-pc-linux-gnu/bin/../lib/gcc/nios2-elf/4.1.2/mno-hw-mul/libgcc.a(_gt_df.o)
 .debug_aranges
                0x00000588       0x20 /opt/altera/altera12.1/nios2eds/bin/gnu/H-i686-pc-linux-gnu/bin/../lib/gcc/nios2-elf/4.1.2/mno-hw-mul/libgcc.a(_ge_df.o)
 .debug_aranges
                0x000005a8       0x20 /opt/altera/altera12.1/nios2eds/bin/gnu/H-i686-pc-linux-gnu/bin/../lib/gcc/nios2-elf/4.1.2/mno-hw-mul/libgcc.a(_lt_df.o)
 .debug_aranges
                0x000005c8       0x20 /opt/altera/altera12.1/nios2eds/bin/gnu/H-i686-pc-linux-gnu/bin/../lib/gcc/nios2-elf/4.1.2/mno-hw-mul/libgcc.a(_si_to_df.o)
 .debug_aranges
                0x000005e8       0x20 /opt/altera/altera12.1/nios2eds/bin/gnu/H-i686-pc-linux-gnu/bin/../lib/gcc/nios2-elf/4.1.2/mno-hw-mul/libgcc.a(_df_to_si.o)
 .debug_aranges
                0x00000608       0x20 /opt/altera/altera12.1/nios2eds/bin/gnu/H-i686-pc-linux-gnu/bin/../lib/gcc/nios2-elf/4.1.2/mno-hw-mul/libgcc.a(_usi_to_df.o)
 .debug_aranges
                0x00000628       0x20 /opt/altera/altera12.1/nios2eds/bin/gnu/H-i686-pc-linux-gnu/bin/../lib/gcc/nios2-elf/4.1.2/mno-hw-mul/libgcc.a(lib2-divmod.o)
 .debug_aranges
                0x00000648       0x20 /opt/altera/altera12.1/nios2eds/bin/gnu/H-i686-pc-linux-gnu/bin/../lib/gcc/nios2-elf/4.1.2/mno-hw-mul/libgcc.a(lib2-mul.o)
 .debug_aranges
                0x00000668       0x20 /opt/altera/altera12.1/nios2eds/bin/gnu/H-i686-pc-linux-gnu/bin/../lib/gcc/nios2-elf/4.1.2/mno-hw-mul/libgcc.a(_muldi3.o)
 .debug_aranges
                0x00000688       0x20 /opt/altera/altera12.1/nios2eds/bin/gnu/H-i686-pc-linux-gnu/bin/../lib/gcc/nios2-elf/4.1.2/mno-hw-mul/libgcc.a(_clzsi2.o)
 .debug_aranges
                0x000006a8       0x20 /opt/altera/altera12.1/nios2eds/bin/gnu/H-i686-pc-linux-gnu/bin/../lib/gcc/nios2-elf/4.1.2/mno-hw-mul/libgcc.a(_pack_df.o)
 .debug_aranges
                0x000006c8       0x20 /opt/altera/altera12.1/nios2eds/bin/gnu/H-i686-pc-linux-gnu/bin/../lib/gcc/nios2-elf/4.1.2/mno-hw-mul/libgcc.a(_unpack_df.o)
 .debug_aranges